0 verbose cli /usr/bin/node /usr/bin/npm
1 info using npm@11.6.3
2 info using node@v24.13.0
3 silly config load:file:/usr/lib/node_modules/npm/npmrc
4 silly config load:file:/var/www/.npmrc
5 silly config load:file:/etc/npmrc
6 verbose title npm install
7 verbose argv "install" "--force"
8 verbose logfile logs-max:10 dir:/var/www/.npm/_logs/2026-02-03T10_15_38_885Z-
9 verbose logfile /var/www/.npm/_logs/2026-02-03T10_15_38_885Z-debug-0.log
10 warn using --force Recommended protections disabled.
11 silly logfile start cleaning logs, removing 1 files
12 silly packumentCache heap:4496293888 maxSize:1124073472 maxEntrySize:562036736
13 silly logfile done cleaning log files
14 silly idealTree buildDeps
15 silly reify moves {}
16 silly audit bulk request {
16 silly audit   'lru-cache': [ '5.1.1' ],
16 silly audit   '@babel/code-frame': [ '7.28.6' ],
16 silly audit   '@babel/compat-data': [ '7.28.6' ],
16 silly audit   '@babel/core': [ '7.28.6' ],
16 silly audit   '@babel/generator': [ '7.28.6' ],
16 silly audit   '@babel/helper-annotate-as-pure': [ '7.27.3' ],
16 silly audit   '@babel/helper-compilation-targets': [ '7.28.6' ],
16 silly audit   '@babel/helper-create-class-features-plugin': [ '7.28.6' ],
16 silly audit   '@babel/helper-create-regexp-features-plugin': [ '7.28.5' ],
16 silly audit   '@babel/helper-define-polyfill-provider': [ '0.6.5' ],
16 silly audit   '@babel/helper-globals': [ '7.28.0' ],
16 silly audit   '@babel/helper-member-expression-to-functions': [ '7.28.5' ],
16 silly audit   '@babel/helper-module-imports': [ '7.28.6' ],
16 silly audit   '@babel/helper-module-transforms': [ '7.28.6' ],
16 silly audit   '@babel/helper-optimise-call-expression': [ '7.27.1' ],
16 silly audit   '@babel/helper-plugin-utils': [ '7.28.6' ],
16 silly audit   '@babel/helper-remap-async-to-generator': [ '7.27.1' ],
16 silly audit   '@babel/helper-replace-supers': [ '7.28.6' ],
16 silly audit   '@babel/helper-skip-transparent-expression-wrappers': [ '7.27.1' ],
16 silly audit   '@babel/helper-string-parser': [ '7.27.1' ],
16 silly audit   '@babel/helper-validator-identifier': [ '7.28.5' ],
16 silly audit   '@babel/helper-validator-option': [ '7.27.1' ],
16 silly audit   '@babel/helper-wrap-function': [ '7.28.6' ],
16 silly audit   '@babel/helpers': [ '7.28.6' ],
16 silly audit   '@babel/parser': [ '7.28.6' ],
16 silly audit   '@babel/plugin-bugfix-firefox-class-in-computed-class-key': [ '7.28.5' ],
16 silly audit   '@babel/plugin-bugfix-safari-class-field-initializer-scope': [ '7.27.1' ],
16 silly audit   '@babel/plugin-bugfix-safari-id-destructuring-collision-in-function-expression': [ '7.27.1' ],
16 silly audit   '@babel/plugin-bugfix-v8-spread-parameters-in-optional-chaining': [ '7.27.1' ],
16 silly audit   '@babel/plugin-bugfix-v8-static-class-fields-redefine-readonly': [ '7.28.6' ],
16 silly audit   '@babel/plugin-proposal-private-property-in-object': [ '7.21.0-placeholder-for-preset-env.2' ],
16 silly audit   '@babel/plugin-syntax-import-assertions': [ '7.28.6' ],
16 silly audit   '@babel/plugin-syntax-import-attributes': [ '7.28.6' ],
16 silly audit   '@babel/plugin-syntax-unicode-sets-regex': [ '7.18.6' ],
16 silly audit   '@babel/plugin-transform-arrow-functions': [ '7.27.1' ],
16 silly audit   '@babel/plugin-transform-async-generator-functions': [ '7.28.6' ],
16 silly audit   '@babel/plugin-transform-async-to-generator': [ '7.28.6' ],
16 silly audit   '@babel/plugin-transform-block-scoped-functions': [ '7.27.1' ],
16 silly audit   '@babel/plugin-transform-block-scoping': [ '7.28.6' ],
16 silly audit   '@babel/plugin-transform-class-properties': [ '7.28.6' ],
16 silly audit   '@babel/plugin-transform-class-static-block': [ '7.28.6' ],
16 silly audit   '@babel/plugin-transform-classes': [ '7.28.6' ],
16 silly audit   '@babel/plugin-transform-computed-properties': [ '7.28.6' ],
16 silly audit   '@babel/plugin-transform-destructuring': [ '7.28.5' ],
16 silly audit   '@babel/plugin-transform-dotall-regex': [ '7.28.6' ],
16 silly audit   '@babel/plugin-transform-duplicate-keys': [ '7.27.1' ],
16 silly audit   '@babel/plugin-transform-duplicate-named-capturing-groups-regex': [ '7.28.6' ],
16 silly audit   '@babel/plugin-transform-dynamic-import': [ '7.27.1' ],
16 silly audit   '@babel/plugin-transform-explicit-resource-management': [ '7.28.6' ],
16 silly audit   '@babel/plugin-transform-exponentiation-operator': [ '7.28.6' ],
16 silly audit   '@babel/plugin-transform-export-namespace-from': [ '7.27.1' ],
16 silly audit   '@babel/plugin-transform-for-of': [ '7.27.1' ],
16 silly audit   '@babel/plugin-transform-function-name': [ '7.27.1' ],
16 silly audit   '@babel/plugin-transform-json-strings': [ '7.28.6' ],
16 silly audit   '@babel/plugin-transform-literals': [ '7.27.1' ],
16 silly audit   '@babel/plugin-transform-logical-assignment-operators': [ '7.28.6' ],
16 silly audit   '@babel/plugin-transform-member-expression-literals': [ '7.27.1' ],
16 silly audit   '@babel/plugin-transform-modules-amd': [ '7.27.1' ],
16 silly audit   '@babel/plugin-transform-modules-commonjs': [ '7.28.6' ],
16 silly audit   '@babel/plugin-transform-modules-systemjs': [ '7.28.5' ],
16 silly audit   '@babel/plugin-transform-modules-umd': [ '7.27.1' ],
16 silly audit   '@babel/plugin-transform-named-capturing-groups-regex': [ '7.27.1' ],
16 silly audit   '@babel/plugin-transform-new-target': [ '7.27.1' ],
16 silly audit   '@babel/plugin-transform-nullish-coalescing-operator': [ '7.28.6' ],
16 silly audit   '@babel/plugin-transform-numeric-separator': [ '7.28.6' ],
16 silly audit   '@babel/plugin-transform-object-rest-spread': [ '7.28.6' ],
16 silly audit   '@babel/plugin-transform-object-super': [ '7.27.1' ],
16 silly audit   '@babel/plugin-transform-optional-catch-binding': [ '7.28.6' ],
16 silly audit   '@babel/plugin-transform-optional-chaining': [ '7.28.6' ],
16 silly audit   '@babel/plugin-transform-parameters': [ '7.27.7' ],
16 silly audit   '@babel/plugin-transform-private-methods': [ '7.28.6' ],
16 silly audit   '@babel/plugin-transform-private-property-in-object': [ '7.28.6' ],
16 silly audit   '@babel/plugin-transform-property-literals': [ '7.27.1' ],
16 silly audit   '@babel/plugin-transform-regenerator': [ '7.28.6' ],
16 silly audit   '@babel/plugin-transform-regexp-modifiers': [ '7.28.6' ],
16 silly audit   '@babel/plugin-transform-reserved-words': [ '7.27.1' ],
16 silly audit   '@babel/plugin-transform-shorthand-properties': [ '7.27.1' ],
16 silly audit   '@babel/plugin-transform-spread': [ '7.28.6' ],
16 silly audit   '@babel/plugin-transform-sticky-regex': [ '7.27.1' ],
16 silly audit   '@babel/plugin-transform-template-literals': [ '7.27.1' ],
16 silly audit   '@babel/plugin-transform-typeof-symbol': [ '7.27.1' ],
16 silly audit   '@babel/plugin-transform-unicode-escapes': [ '7.27.1' ],
16 silly audit   '@babel/plugin-transform-unicode-property-regex': [ '7.28.6' ],
16 silly audit   '@babel/plugin-transform-unicode-regex': [ '7.27.1' ],
16 silly audit   '@babel/plugin-transform-unicode-sets-regex': [ '7.28.6' ],
16 silly audit   '@babel/preset-env': [ '7.28.6' ],
16 silly audit   '@babel/preset-modules': [ '0.1.6-no-external-plugins' ],
16 silly audit   '@babel/template': [ '7.28.6' ],
16 silly audit   '@babel/traverse': [ '7.28.6' ],
16 silly audit   '@babel/types': [ '7.28.6' ],
16 silly audit   '@discoveryjs/json-ext': [ '0.5.7' ],
16 silly audit   '@hotwired/stimulus': [ '3.2.2' ],
16 silly audit   '@hotwired/stimulus-webpack-helpers': [ '1.0.1' ],
16 silly audit   '@hotwired/turbo': [ '8.0.21' ],
16 silly audit   '@jest/pattern': [ '30.0.1' ],
16 silly audit   '@jest/schemas': [ '30.0.5' ],
16 silly audit   '@jest/types': [ '30.2.0' ],
16 silly audit   'ansi-styles': [ '4.3.0', '3.2.1' ],
16 silly audit   chalk: [ '4.1.2', '2.4.2' ],
16 silly audit   'color-convert': [ '2.0.1', '1.9.3' ],
16 silly audit   'color-name': [ '1.1.4', '1.1.3' ],
16 silly audit   'has-flag': [ '4.0.0', '3.0.0' ],
16 silly audit   'supports-color': [ '7.2.0', '8.1.1', '5.5.0' ],
16 silly audit   '@jridgewell/gen-mapping': [ '0.3.13' ],
16 silly audit   '@jridgewell/remapping': [ '2.3.5' ],
16 silly audit   '@jridgewell/resolve-uri': [ '3.1.2' ],
16 silly audit   '@jridgewell/source-map': [ '0.3.11' ],
16 silly audit   '@jridgewell/sourcemap-codec': [ '1.5.5' ],
16 silly audit   '@jridgewell/trace-mapping': [ '0.3.31' ],
16 silly audit   '@nuxt/friendly-errors-webpack-plugin': [ '2.6.0' ],
16 silly audit   '@parcel/watcher': [ '2.5.4' ],
16 silly audit   '@parcel/watcher-android-arm64': [ '2.5.4' ],
16 silly audit   '@parcel/watcher-darwin-arm64': [ '2.5.4' ],
16 silly audit   '@parcel/watcher-darwin-x64': [ '2.5.4' ],
16 silly audit   '@parcel/watcher-freebsd-x64': [ '2.5.4' ],
16 silly audit   '@parcel/watcher-linux-arm-glibc': [ '2.5.4' ],
16 silly audit   '@parcel/watcher-linux-arm-musl': [ '2.5.4' ],
16 silly audit   '@parcel/watcher-linux-arm64-glibc': [ '2.5.4' ],
16 silly audit   '@parcel/watcher-linux-arm64-musl': [ '2.5.4' ],
16 silly audit   '@parcel/watcher-linux-x64-glibc': [ '2.5.4' ],
16 silly audit   '@parcel/watcher-linux-x64-musl': [ '2.5.4' ],
16 silly audit   '@parcel/watcher-win32-arm64': [ '2.5.4' ],
16 silly audit   '@parcel/watcher-win32-ia32': [ '2.5.4' ],
16 silly audit   '@parcel/watcher-win32-x64': [ '2.5.4' ],
16 silly audit   '@popperjs/core': [ '2.11.8' ],
16 silly audit   '@sinclair/typebox': [ '0.34.47' ],
16 silly audit   '@symfony/stimulus-bridge': [ '4.0.1' ],
16 silly audit   '@symfony/webpack-encore': [ '5.3.1' ],
16 silly audit   semver: [ '7.7.3', '6.3.1' ],
16 silly audit   '@types/eslint': [ '9.6.1' ],
16 silly audit   '@types/eslint-scope': [ '3.7.7' ],
16 silly audit   '@types/estree': [ '1.0.8' ],
16 silly audit   '@types/istanbul-lib-coverage': [ '2.0.6' ],
16 silly audit   '@types/istanbul-lib-report': [ '3.0.3' ],
16 silly audit   '@types/istanbul-reports': [ '3.0.4' ],
16 silly audit   '@types/json-schema': [ '7.0.15' ],
16 silly audit   '@types/node': [ '25.0.9' ],
16 silly audit   '@types/webpack-env': [ '1.18.8' ],
16 silly audit   '@types/yargs': [ '17.0.35' ],
16 silly audit   '@types/yargs-parser': [ '21.0.3' ],
16 silly audit   '@ungap/structured-clone': [ '1.3.0' ],
16 silly audit   '@webassemblyjs/ast': [ '1.14.1' ],
16 silly audit   '@webassemblyjs/floating-point-hex-parser': [ '1.13.2' ],
16 silly audit   '@webassemblyjs/helper-api-error': [ '1.13.2' ],
16 silly audit   '@webassemblyjs/helper-buffer': [ '1.14.1' ],
16 silly audit   '@webassemblyjs/helper-numbers': [ '1.13.2' ],
16 silly audit   '@webassemblyjs/helper-wasm-bytecode': [ '1.13.2' ],
16 silly audit   '@webassemblyjs/helper-wasm-section': [ '1.14.1' ],
16 silly audit   '@webassemblyjs/ieee754': [ '1.13.2' ],
16 silly audit   '@webassemblyjs/leb128': [ '1.13.2' ],
16 silly audit   '@webassemblyjs/utf8': [ '1.13.2' ],
16 silly audit   '@webassemblyjs/wasm-edit': [ '1.14.1' ],
16 silly audit   '@webassemblyjs/wasm-gen': [ '1.14.1' ],
16 silly audit   '@webassemblyjs/wasm-opt': [ '1.14.1' ],
16 silly audit   '@webassemblyjs/wasm-parser': [ '1.14.1' ],
16 silly audit   '@webassemblyjs/wast-printer': [ '1.14.1' ],
16 silly audit   '@webpack-cli/configtest': [ '2.1.1' ],
16 silly audit   '@webpack-cli/info': [ '2.0.2' ],
16 silly audit   '@webpack-cli/serve': [ '2.0.5' ],
16 silly audit   '@xtuc/ieee754': [ '1.2.0' ],
16 silly audit   '@xtuc/long': [ '4.2.2' ],
16 silly audit   '@zackad/prettier-plugin-twig': [ '0.16.2' ],
16 silly audit   acorn: [ '8.15.0' ],
16 silly audit   'acorn-import-phases': [ '1.0.4' ],
16 silly audit   'adjust-sourcemap-loader': [ '4.0.0' ],
16 silly audit   ajv: [ '8.17.1' ],
16 silly audit   'ajv-formats': [ '2.1.1' ],
16 silly audit   'ajv-keywords': [ '5.1.0' ],
16 silly audit   'ansi-regex': [ '5.0.1' ],
16 silly audit   'babel-loader': [ '10.0.0' ],
16 silly audit   'babel-plugin-polyfill-corejs2': [ '0.4.14' ],
16 silly audit   'babel-plugin-polyfill-corejs3': [ '0.13.0' ],
16 silly audit   'babel-plugin-polyfill-regenerator': [ '0.6.5' ],
16 silly audit   'baseline-browser-mapping': [ '2.9.14' ],
16 silly audit   'big.js': [ '5.2.2' ],
16 silly audit   boolbase: [ '1.0.0' ],
16 silly audit   bootstrap: [ '5.3.8' ],
16 silly audit   browserslist: [ '4.28.1' ],
16 silly audit   'buffer-from': [ '1.1.2' ],
16 silly audit   'caniuse-api': [ '3.0.0' ],
16 silly audit   'caniuse-lite': [ '1.0.30001764' ],
16 silly audit   chokidar: [ '4.0.3' ],
16 silly audit   'chrome-trace-event': [ '1.0.4' ],
16 silly audit   'ci-info': [ '4.3.1' ],
16 silly audit   'clone-deep': [ '4.0.1' ],
16 silly audit   colord: [ '2.9.3' ],
16 silly audit   colorette: [ '2.0.20' ],
16 silly audit   commander: [ '11.1.0', '2.20.3', '10.0.1' ],
16 silly audit   consola: [ '3.4.2' ],
16 silly audit   'convert-source-map': [ '2.0.0', '1.9.0' ],
16 silly audit   'core-js': [ '3.47.0' ],
16 silly audit   'core-js-compat': [ '3.47.0' ],
16 silly audit   'cross-spawn': [ '7.0.6' ],
16 silly audit   'css-declaration-sorter': [ '7.3.1' ],
16 silly audit   'css-loader': [ '7.1.2' ],
16 silly audit   'css-minimizer-webpack-plugin': [ '7.0.4' ],
16 silly audit   'css-select': [ '4.3.0', '5.2.2' ],
16 silly audit   'css-tree': [ '3.1.0', '2.2.1' ],
16 silly audit   'css-what': [ '6.2.2' ],
16 silly audit   cssesc: [ '3.0.0' ],
16 silly audit   cssnano: [ '7.1.2' ],
16 silly audit   'cssnano-preset-default': [ '7.0.10' ],
16 silly audit   'cssnano-utils': [ '5.0.1' ],
16 silly audit   csso: [ '5.0.5' ],
16 silly audit   'mdn-data': [ '2.0.28', '2.12.2' ],
16 silly audit   debug: [ '4.4.3' ],
16 silly audit   'detect-libc': [ '2.1.2' ],
16 silly audit   'dom-converter': [ '0.2.0' ],
16 silly audit   'dom-serializer': [ '1.4.1', '2.0.0' ],
16 silly audit   domelementtype: [ '2.3.0' ],
16 silly audit   domhandler: [ '4.3.1', '5.0.3' ],
16 silly audit   domutils: [ '2.8.0', '3.2.2' ],
16 silly audit   'electron-to-chromium': [ '1.5.267' ],
16 silly audit   'emoji-regex': [ '8.0.0' ],
16 silly audit   'emojis-list': [ '3.0.0' ],
16 silly audit   'enhanced-resolve': [ '5.18.4' ],
16 silly audit   entities: [ '2.2.0', '4.5.0' ],
16 silly audit   envinfo: [ '7.21.0' ],
16 silly audit   'error-stack-parser': [ '2.1.4' ],
16 silly audit   'es-module-lexer': [ '2.0.0' ],
16 silly audit   escalade: [ '3.2.0' ],
16 silly audit   'escape-string-regexp': [ '1.0.5' ],
16 silly audit   'eslint-scope': [ '5.1.1' ],
16 silly audit   esrecurse: [ '4.3.0' ],
16 silly audit   estraverse: [ '5.3.0', '4.3.0' ],
16 silly audit   esutils: [ '2.0.3' ],
16 silly audit   events: [ '3.3.0' ],
16 silly audit   'fast-deep-equal': [ '3.1.3' ],
16 silly audit   'fast-uri': [ '3.1.0' ],
16 silly audit   'fastest-levenshtein': [ '1.0.16' ],
16 silly audit   'find-up': [ '5.0.0', '4.1.0' ],
16 silly audit   flat: [ '5.0.2' ],
16 silly audit   'function-bind': [ '1.1.2' ],
16 silly audit   gensync: [ '1.0.0-beta.2' ],
16 silly audit   'glob-to-regexp': [ '0.4.1' ],
16 silly audit   'graceful-fs': [ '4.2.11' ],
16 silly audit   hasown: [ '2.0.2' ],
16 silly audit   he: [ '1.2.0' ],
16 silly audit   htmlparser2: [ '6.1.0' ],
16 silly audit   'icss-utils': [ '5.1.0' ],
16 silly audit   immutable: [ '5.1.4' ],
16 silly audit   'import-local': [ '3.2.0' ],
16 silly audit   interpret: [ '3.1.1' ],
16 silly audit   'is-core-module': [ '2.16.1' ],
16 silly audit   'is-extglob': [ '2.1.1' ],
16 silly audit   'is-fullwidth-code-point': [ '3.0.0' ],
16 silly audit   'is-glob': [ '4.0.3' ],
16 silly audit   'is-plain-object': [ '2.0.4' ],
16 silly audit   isexe: [ '2.0.0' ],
16 silly audit   isobject: [ '3.0.1' ],
16 silly audit   'jest-regex-util': [ '30.0.1' ],
16 silly audit   'jest-util': [ '30.2.0' ],
16 silly audit   'jest-worker': [ '30.2.0', '27.5.1' ],
16 silly audit   'js-tokens': [ '4.0.0' ],
16 silly audit   jsesc: [ '3.1.0' ],
16 silly audit   'json-parse-even-better-errors': [ '2.3.1' ],
16 silly audit   'json-schema-traverse': [ '1.0.0' ],
16 silly audit   json5: [ '2.2.3' ],
16 silly audit   'kind-of': [ '6.0.3' ],
16 silly audit   lilconfig: [ '3.1.3' ],
16 silly audit   'loader-runner': [ '4.3.1' ],
16 silly audit   'loader-utils': [ '2.0.4' ],
16 silly audit   'locate-path': [ '6.0.0', '5.0.0' ],
16 silly audit   lodash: [ '4.17.23' ],
16 silly audit   'lodash.debounce': [ '4.0.8' ],
16 silly audit   'lodash.memoize': [ '4.1.2' ],
16 silly audit   'lodash.uniq': [ '4.5.0' ],
16 silly audit   'merge-stream': [ '2.0.0' ],
16 silly audit   'mime-db': [ '1.52.0' ],
16 silly audit   'mime-types': [ '2.1.35' ],
16 silly audit   'mini-css-extract-plugin': [ '2.9.4' ],
16 silly audit   ms: [ '2.1.3' ],
16 silly audit   nanoid: [ '3.3.11' ],
16 silly audit   'neo-async': [ '2.6.2' ],
16 silly audit   'node-addon-api': [ '7.1.1' ],
16 silly audit   'node-releases': [ '2.0.27' ],
16 silly audit   'nth-check': [ '2.1.1' ],
16 silly audit   'p-limit': [ '3.1.0', '2.3.0' ],
16 silly audit   'p-locate': [ '5.0.0', '4.1.0' ],
16 silly audit   'p-try': [ '2.2.0' ],
16 silly audit   'path-exists': [ '4.0.0' ],
16 silly audit   'path-key': [ '3.1.1' ],
16 silly audit   'path-parse': [ '1.0.7' ],
16 silly audit   picocolors: [ '1.1.1' ],
16 silly audit   picomatch: [ '4.0.3' ],
16 silly audit   'pkg-dir': [ '4.2.0' ],
16 silly audit   postcss: [ '8.5.6' ],
16 silly audit   'postcss-calc': [ '10.1.1' ],
16 silly audit   'postcss-colormin': [ '7.0.5' ],
16 silly audit   'postcss-convert-values': [ '7.0.8' ],
16 silly audit   'postcss-discard-comments': [ '7.0.5' ],
16 silly audit   'postcss-discard-duplicates': [ '7.0.2' ],
16 silly audit   'postcss-discard-empty': [ '7.0.1' ],
16 silly audit   'postcss-discard-overridden': [ '7.0.1' ],
16 silly audit   'postcss-merge-longhand': [ '7.0.5' ],
16 silly audit   'postcss-merge-rules': [ '7.0.7' ],
16 silly audit   'postcss-minify-font-values': [ '7.0.1' ],
16 silly audit   'postcss-minify-gradients': [ '7.0.1' ],
16 silly audit   'postcss-minify-params': [ '7.0.5' ],
16 silly audit   'postcss-minify-selectors': [ '7.0.5' ],
16 silly audit   'postcss-modules-extract-imports': [ '3.1.0' ],
16 silly audit   'postcss-modules-local-by-default': [ '4.2.0' ],
16 silly audit   'postcss-modules-scope': [ '3.2.1' ],
16 silly audit   'postcss-modules-values': [ '4.0.0' ],
16 silly audit   'postcss-normalize-charset': [ '7.0.1' ],
16 silly audit   'postcss-normalize-display-values': [ '7.0.1' ],
16 silly audit   'postcss-normalize-positions': [ '7.0.1' ],
16 silly audit   'postcss-normalize-repeat-style': [ '7.0.1' ],
16 silly audit   'postcss-normalize-string': [ '7.0.1' ],
16 silly audit   'postcss-normalize-timing-functions': [ '7.0.1' ],
16 silly audit   'postcss-normalize-unicode': [ '7.0.5' ],
16 silly audit   'postcss-normalize-url': [ '7.0.1' ],
16 silly audit   'postcss-normalize-whitespace': [ '7.0.1' ],
16 silly audit   'postcss-ordered-values': [ '7.0.2' ],
16 silly audit   'postcss-reduce-initial': [ '7.0.5' ],
16 silly audit   'postcss-reduce-transforms': [ '7.0.1' ],
16 silly audit   'postcss-selector-parser': [ '7.1.1' ],
16 silly audit   'postcss-svgo': [ '7.1.0' ],
16 silly audit   'postcss-unique-selectors': [ '7.0.4' ],
16 silly audit   'postcss-value-parser': [ '4.2.0' ],
16 silly audit   prettier: [ '3.8.1' ],
16 silly audit   'pretty-error': [ '4.0.0' ],
16 silly audit   randombytes: [ '2.1.0' ],
16 silly audit   readdirp: [ '4.1.2' ],
16 silly audit   rechoir: [ '0.8.0' ],
16 silly audit   regenerate: [ '1.4.2' ],
16 silly audit   'regenerate-unicode-properties': [ '10.2.2' ],
16 silly audit   'regenerator-runtime': [ '0.13.11' ],
16 silly audit   'regex-parser': [ '2.3.1' ],
16 silly audit   'regexpu-core': [ '6.4.0' ],
16 silly audit   regjsgen: [ '0.8.0' ],
16 silly audit   regjsparser: [ '0.13.0' ],
16 silly audit   renderkid: [ '3.0.0' ],
16 silly audit   'require-from-string': [ '2.0.2' ],
16 silly audit   resolve: [ '1.22.11' ],
16 silly audit   'resolve-cwd': [ '3.0.0' ],
16 silly audit   'resolve-from': [ '5.0.0' ],
16 silly audit   'resolve-url-loader': [ '5.0.0' ],
16 silly audit   'safe-buffer': [ '5.2.1' ],
16 silly audit   sass: [ '1.97.3' ],
16 silly audit   'sass-loader': [ '16.0.6' ],
16 silly audit   sax: [ '1.4.4' ],
16 silly audit   'schema-utils': [ '4.3.3' ],
16 silly audit   'serialize-javascript': [ '6.0.2' ],
16 silly audit   'shallow-clone': [ '3.0.1' ],
16 silly audit   'shebang-command': [ '2.0.0' ],
16 silly audit   'shebang-regex': [ '3.0.0' ],
16 silly audit   'source-list-map': [ '2.0.1' ],
16 silly audit   'source-map': [ '0.6.1' ],
16 silly audit   'source-map-js': [ '1.2.1' ],
16 silly audit   'source-map-support': [ '0.5.21' ],
16 silly audit   stackframe: [ '1.3.4' ],
16 silly audit   'string-width': [ '4.2.3' ],
16 silly audit   'strip-ansi': [ '6.0.1' ],
16 silly audit   'style-loader': [ '4.0.0' ],
16 silly audit   stylehacks: [ '7.0.7' ],
16 silly audit   'supports-preserve-symlinks-flag': [ '1.0.0' ],
16 silly audit   svgo: [ '4.0.0' ],
16 silly audit   tapable: [ '2.3.0' ],
16 silly audit   terser: [ '5.46.0' ],
16 silly audit   'terser-webpack-plugin': [ '5.3.16' ],
16 silly audit   tmp: [ '0.2.5' ],
16 silly audit   'undici-types': [ '7.16.0' ],
16 silly audit   'unicode-canonical-property-names-ecmascript': [ '2.0.1' ],
16 silly audit   'unicode-match-property-ecmascript': [ '2.0.0' ],
16 silly audit   'unicode-match-property-value-ecmascript': [ '2.2.1' ],
16 silly audit   'unicode-property-aliases-ecmascript': [ '2.2.0' ],
16 silly audit   'update-browserslist-db': [ '1.2.3' ],
16 silly audit   'util-deprecate': [ '1.0.2' ],
16 silly audit   utila: [ '0.4.0' ],
16 silly audit   watchpack: [ '2.5.1' ],
16 silly audit   webpack: [ '5.104.1' ],
16 silly audit   'webpack-cli': [ '5.1.4' ],
16 silly audit   'webpack-manifest-plugin': [ '5.0.1' ],
16 silly audit   'webpack-sources': [ '2.3.1', '3.3.3' ],
16 silly audit   'webpack-merge': [ '5.10.0' ],
16 silly audit   which: [ '2.0.2' ],
16 silly audit   wildcard: [ '2.0.1' ],
16 silly audit   yallist: [ '3.1.1' ],
16 silly audit   'yargs-parser': [ '21.1.1' ],
16 silly audit   'yocto-queue': [ '0.1.0' ],
16 silly audit   '@symfony/ux-turbo': [ '2.31.0' ]
16 silly audit }
17 http cache yocto-queue@https://registry.npmjs.org/yocto-queue/-/yocto-queue-0.1.0.tgz 0ms (cache hit)
18 http cache yargs-parser@https://registry.npmjs.org/yargs-parser/-/yargs-parser-21.1.1.tgz 0ms (cache hit)
19 http cache yallist@https://registry.npmjs.org/yallist/-/yallist-3.1.1.tgz 0ms (cache hit)
20 http cache wildcard@https://registry.npmjs.org/wildcard/-/wildcard-2.0.1.tgz 0ms (cache hit)
21 http cache which@https://registry.npmjs.org/which/-/which-2.0.2.tgz 0ms (cache hit)
22 http cache webpack-sources@https://registry.npmjs.org/webpack-sources/-/webpack-sources-3.3.3.tgz 0ms (cache hit)
23 http cache webpack-merge@https://registry.npmjs.org/webpack-merge/-/webpack-merge-5.10.0.tgz 0ms (cache hit)
24 http cache webpack-manifest-plugin@https://registry.npmjs.org/webpack-manifest-plugin/-/webpack-manifest-plugin-5.0.1.tgz 0ms (cache hit)
25 http cache webpack-cli@https://registry.npmjs.org/webpack-cli/-/webpack-cli-5.1.4.tgz 0ms (cache hit)
26 http cache webpack-sources@https://registry.npmjs.org/webpack-sources/-/webpack-sources-2.3.1.tgz 0ms (cache hit)
27 http cache webpack@https://registry.npmjs.org/webpack/-/webpack-5.104.1.tgz 0ms (cache hit)
28 http cache commander@https://registry.npmjs.org/commander/-/commander-10.0.1.tgz 0ms (cache hit)
29 http cache watchpack@https://registry.npmjs.org/watchpack/-/watchpack-2.5.1.tgz 0ms (cache hit)
30 http cache utila@https://registry.npmjs.org/utila/-/utila-0.4.0.tgz 0ms (cache hit)
31 http cache util-deprecate@https://registry.npmjs.org/util-deprecate/-/util-deprecate-1.0.2.tgz 0ms (cache hit)
32 http cache update-browserslist-db@https://registry.npmjs.org/update-browserslist-db/-/update-browserslist-db-1.2.3.tgz 0ms (cache hit)
33 http cache unicode-property-aliases-ecmascript@https://registry.npmjs.org/unicode-property-aliases-ecmascript/-/unicode-property-aliases-ecmascript-2.2.0.tgz 0ms (cache hit)
34 http cache unicode-match-property-ecmascript@https://registry.npmjs.org/unicode-match-property-ecmascript/-/unicode-match-property-ecmascript-2.0.0.tgz 0ms (cache hit)
35 http cache unicode-match-property-value-ecmascript@https://registry.npmjs.org/unicode-match-property-value-ecmascript/-/unicode-match-property-value-ecmascript-2.2.1.tgz 0ms (cache hit)
36 http cache unicode-canonical-property-names-ecmascript@https://registry.npmjs.org/unicode-canonical-property-names-ecmascript/-/unicode-canonical-property-names-ecmascript-2.0.1.tgz 0ms (cache hit)
37 http cache undici-types@https://registry.npmjs.org/undici-types/-/undici-types-7.16.0.tgz 0ms (cache hit)
38 http cache terser-webpack-plugin@https://registry.npmjs.org/terser-webpack-plugin/-/terser-webpack-plugin-5.3.16.tgz 0ms (cache hit)
39 http cache tmp@https://registry.npmjs.org/tmp/-/tmp-0.2.5.tgz 0ms (cache hit)
40 http cache jest-worker@https://registry.npmjs.org/jest-worker/-/jest-worker-27.5.1.tgz 0ms (cache hit)
41 http cache supports-color@https://registry.npmjs.org/supports-color/-/supports-color-8.1.1.tgz 0ms (cache hit)
42 http cache has-flag@https://registry.npmjs.org/has-flag/-/has-flag-4.0.0.tgz 0ms (cache hit)
43 http cache terser@https://registry.npmjs.org/terser/-/terser-5.46.0.tgz 0ms (cache hit)
44 http cache tapable@https://registry.npmjs.org/tapable/-/tapable-2.3.0.tgz 0ms (cache hit)
45 http cache commander@https://registry.npmjs.org/commander/-/commander-2.20.3.tgz 0ms (cache hit)
46 http cache svgo@https://registry.npmjs.org/svgo/-/svgo-4.0.0.tgz 1ms (cache hit)
47 http cache entities@https://registry.npmjs.org/entities/-/entities-4.5.0.tgz 0ms (cache hit)
48 http cache domutils@https://registry.npmjs.org/domutils/-/domutils-3.2.2.tgz 0ms (cache hit)
49 http cache domhandler@https://registry.npmjs.org/domhandler/-/domhandler-5.0.3.tgz 0ms (cache hit)
50 http cache supports-preserve-symlinks-flag@https://registry.npmjs.org/supports-preserve-symlinks-flag/-/supports-preserve-symlinks-flag-1.0.0.tgz 0ms (cache hit)
51 http cache css-select@https://registry.npmjs.org/css-select/-/css-select-5.2.2.tgz 0ms (cache hit)
52 http cache dom-serializer@https://registry.npmjs.org/dom-serializer/-/dom-serializer-2.0.0.tgz 0ms (cache hit)
53 http cache supports-color@https://registry.npmjs.org/supports-color/-/supports-color-5.5.0.tgz 0ms (cache hit)
54 http cache stylehacks@https://registry.npmjs.org/stylehacks/-/stylehacks-7.0.7.tgz 0ms (cache hit)
55 http cache style-loader@https://registry.npmjs.org/style-loader/-/style-loader-4.0.0.tgz 0ms (cache hit)
56 http cache strip-ansi@https://registry.npmjs.org/strip-ansi/-/strip-ansi-6.0.1.tgz 0ms (cache hit)
57 http cache string-width@https://registry.npmjs.org/string-width/-/string-width-4.2.3.tgz 0ms (cache hit)
58 http cache stackframe@https://registry.npmjs.org/stackframe/-/stackframe-1.3.4.tgz 0ms (cache hit)
59 http cache source-map-support@https://registry.npmjs.org/source-map-support/-/source-map-support-0.5.21.tgz 0ms (cache hit)
60 http cache source-map-js@https://registry.npmjs.org/source-map-js/-/source-map-js-1.2.1.tgz 0ms (cache hit)
61 http cache source-list-map@https://registry.npmjs.org/source-list-map/-/source-list-map-2.0.1.tgz 0ms (cache hit)
62 http cache source-map@https://registry.npmjs.org/source-map/-/source-map-0.6.1.tgz 0ms (cache hit)
63 http cache shebang-command@https://registry.npmjs.org/shebang-command/-/shebang-command-2.0.0.tgz 0ms (cache hit)
64 http cache shebang-regex@https://registry.npmjs.org/shebang-regex/-/shebang-regex-3.0.0.tgz 0ms (cache hit)
65 http cache shallow-clone@https://registry.npmjs.org/shallow-clone/-/shallow-clone-3.0.1.tgz 0ms (cache hit)
66 http cache serialize-javascript@https://registry.npmjs.org/serialize-javascript/-/serialize-javascript-6.0.2.tgz 0ms (cache hit)
67 http cache semver@https://registry.npmjs.org/semver/-/semver-6.3.1.tgz 0ms (cache hit)
68 http cache schema-utils@https://registry.npmjs.org/schema-utils/-/schema-utils-4.3.3.tgz 0ms (cache hit)
69 http cache sax@https://registry.npmjs.org/sax/-/sax-1.4.4.tgz 0ms (cache hit)
70 http cache sass-loader@https://registry.npmjs.org/sass-loader/-/sass-loader-16.0.6.tgz 0ms (cache hit)
71 http cache sass@https://registry.npmjs.org/sass/-/sass-1.97.3.tgz 0ms (cache hit)
72 http cache safe-buffer@https://registry.npmjs.org/safe-buffer/-/safe-buffer-5.2.1.tgz 0ms (cache hit)
73 http cache resolve-url-loader@https://registry.npmjs.org/resolve-url-loader/-/resolve-url-loader-5.0.0.tgz 0ms (cache hit)
74 http cache resolve-from@https://registry.npmjs.org/resolve-from/-/resolve-from-5.0.0.tgz 0ms (cache hit)
75 http cache convert-source-map@https://registry.npmjs.org/convert-source-map/-/convert-source-map-1.9.0.tgz 0ms (cache hit)
76 http cache resolve@https://registry.npmjs.org/resolve/-/resolve-1.22.11.tgz 0ms (cache hit)
77 http cache resolve-cwd@https://registry.npmjs.org/resolve-cwd/-/resolve-cwd-3.0.0.tgz 0ms (cache hit)
78 http cache require-from-string@https://registry.npmjs.org/require-from-string/-/require-from-string-2.0.2.tgz 0ms (cache hit)
79 http cache renderkid@https://registry.npmjs.org/renderkid/-/renderkid-3.0.0.tgz 0ms (cache hit)
80 http cache regjsparser@https://registry.npmjs.org/regjsparser/-/regjsparser-0.13.0.tgz 0ms (cache hit)
81 http cache regjsgen@https://registry.npmjs.org/regjsgen/-/regjsgen-0.8.0.tgz 0ms (cache hit)
82 http cache regexpu-core@https://registry.npmjs.org/regexpu-core/-/regexpu-core-6.4.0.tgz 0ms (cache hit)
83 http cache regex-parser@https://registry.npmjs.org/regex-parser/-/regex-parser-2.3.1.tgz 0ms (cache hit)
84 http cache regenerator-runtime@https://registry.npmjs.org/regenerator-runtime/-/regenerator-runtime-0.13.11.tgz 0ms (cache hit)
85 http cache regenerate-unicode-properties@https://registry.npmjs.org/regenerate-unicode-properties/-/regenerate-unicode-properties-10.2.2.tgz 0ms (cache hit)
86 http cache regenerate@https://registry.npmjs.org/regenerate/-/regenerate-1.4.2.tgz 0ms (cache hit)
87 http cache rechoir@https://registry.npmjs.org/rechoir/-/rechoir-0.8.0.tgz 0ms (cache hit)
88 http cache readdirp@https://registry.npmjs.org/readdirp/-/readdirp-4.1.2.tgz 0ms (cache hit)
89 http cache randombytes@https://registry.npmjs.org/randombytes/-/randombytes-2.1.0.tgz 0ms (cache hit)
90 http cache prettier@https://registry.npmjs.org/prettier/-/prettier-3.8.1.tgz 0ms (cache hit)
91 http cache pretty-error@https://registry.npmjs.org/pretty-error/-/pretty-error-4.0.0.tgz 0ms (cache hit)
92 http cache postcss-unique-selectors@https://registry.npmjs.org/postcss-unique-selectors/-/postcss-unique-selectors-7.0.4.tgz 0ms (cache hit)
93 http cache postcss-value-parser@https://registry.npmjs.org/postcss-value-parser/-/postcss-value-parser-4.2.0.tgz 0ms (cache hit)
94 http cache postcss-svgo@https://registry.npmjs.org/postcss-svgo/-/postcss-svgo-7.1.0.tgz 0ms (cache hit)
95 http cache postcss-selector-parser@https://registry.npmjs.org/postcss-selector-parser/-/postcss-selector-parser-7.1.1.tgz 0ms (cache hit)
96 http cache postcss-reduce-transforms@https://registry.npmjs.org/postcss-reduce-transforms/-/postcss-reduce-transforms-7.0.1.tgz 0ms (cache hit)
97 http cache postcss-reduce-initial@https://registry.npmjs.org/postcss-reduce-initial/-/postcss-reduce-initial-7.0.5.tgz 0ms (cache hit)
98 http cache postcss-ordered-values@https://registry.npmjs.org/postcss-ordered-values/-/postcss-ordered-values-7.0.2.tgz 0ms (cache hit)
99 http cache postcss-normalize-whitespace@https://registry.npmjs.org/postcss-normalize-whitespace/-/postcss-normalize-whitespace-7.0.1.tgz 0ms (cache hit)
100 http cache postcss-normalize-url@https://registry.npmjs.org/postcss-normalize-url/-/postcss-normalize-url-7.0.1.tgz 0ms (cache hit)
101 http cache postcss-normalize-unicode@https://registry.npmjs.org/postcss-normalize-unicode/-/postcss-normalize-unicode-7.0.5.tgz 0ms (cache hit)
102 http cache postcss-normalize-timing-functions@https://registry.npmjs.org/postcss-normalize-timing-functions/-/postcss-normalize-timing-functions-7.0.1.tgz 0ms (cache hit)
103 http cache postcss-normalize-string@https://registry.npmjs.org/postcss-normalize-string/-/postcss-normalize-string-7.0.1.tgz 0ms (cache hit)
104 http cache postcss-normalize-repeat-style@https://registry.npmjs.org/postcss-normalize-repeat-style/-/postcss-normalize-repeat-style-7.0.1.tgz 0ms (cache hit)
105 http cache postcss-normalize-charset@https://registry.npmjs.org/postcss-normalize-charset/-/postcss-normalize-charset-7.0.1.tgz 0ms (cache hit)
106 http cache postcss-normalize-display-values@https://registry.npmjs.org/postcss-normalize-display-values/-/postcss-normalize-display-values-7.0.1.tgz 0ms (cache hit)
107 http cache postcss-normalize-positions@https://registry.npmjs.org/postcss-normalize-positions/-/postcss-normalize-positions-7.0.1.tgz 0ms (cache hit)
108 http cache postcss-modules-values@https://registry.npmjs.org/postcss-modules-values/-/postcss-modules-values-4.0.0.tgz 0ms (cache hit)
109 http cache postcss-modules-scope@https://registry.npmjs.org/postcss-modules-scope/-/postcss-modules-scope-3.2.1.tgz 0ms (cache hit)
110 http cache postcss-modules-local-by-default@https://registry.npmjs.org/postcss-modules-local-by-default/-/postcss-modules-local-by-default-4.2.0.tgz 0ms (cache hit)
111 http cache postcss-modules-extract-imports@https://registry.npmjs.org/postcss-modules-extract-imports/-/postcss-modules-extract-imports-3.1.0.tgz 0ms (cache hit)
112 http cache postcss-minify-selectors@https://registry.npmjs.org/postcss-minify-selectors/-/postcss-minify-selectors-7.0.5.tgz 0ms (cache hit)
113 http cache postcss-minify-params@https://registry.npmjs.org/postcss-minify-params/-/postcss-minify-params-7.0.5.tgz 0ms (cache hit)
114 http cache postcss-minify-gradients@https://registry.npmjs.org/postcss-minify-gradients/-/postcss-minify-gradients-7.0.1.tgz 0ms (cache hit)
115 http cache postcss-minify-font-values@https://registry.npmjs.org/postcss-minify-font-values/-/postcss-minify-font-values-7.0.1.tgz 0ms (cache hit)
116 http cache postcss-merge-rules@https://registry.npmjs.org/postcss-merge-rules/-/postcss-merge-rules-7.0.7.tgz 0ms (cache hit)
117 http cache postcss-merge-longhand@https://registry.npmjs.org/postcss-merge-longhand/-/postcss-merge-longhand-7.0.5.tgz 0ms (cache hit)
118 http cache postcss-discard-overridden@https://registry.npmjs.org/postcss-discard-overridden/-/postcss-discard-overridden-7.0.1.tgz 0ms (cache hit)
119 http cache postcss-discard-empty@https://registry.npmjs.org/postcss-discard-empty/-/postcss-discard-empty-7.0.1.tgz 0ms (cache hit)
120 http cache postcss-discard-duplicates@https://registry.npmjs.org/postcss-discard-duplicates/-/postcss-discard-duplicates-7.0.2.tgz 0ms (cache hit)
121 http cache postcss-discard-comments@https://registry.npmjs.org/postcss-discard-comments/-/postcss-discard-comments-7.0.5.tgz 0ms (cache hit)
122 http cache postcss-convert-values@https://registry.npmjs.org/postcss-convert-values/-/postcss-convert-values-7.0.8.tgz 0ms (cache hit)
123 http cache postcss-colormin@https://registry.npmjs.org/postcss-colormin/-/postcss-colormin-7.0.5.tgz 0ms (cache hit)
124 http cache postcss@https://registry.npmjs.org/postcss/-/postcss-8.5.6.tgz 0ms (cache hit)
125 http cache postcss-calc@https://registry.npmjs.org/postcss-calc/-/postcss-calc-10.1.1.tgz 0ms (cache hit)
126 http cache pkg-dir@https://registry.npmjs.org/pkg-dir/-/pkg-dir-4.2.0.tgz 0ms (cache hit)
127 http cache p-locate@https://registry.npmjs.org/p-locate/-/p-locate-4.1.0.tgz 0ms (cache hit)
128 http cache p-limit@https://registry.npmjs.org/p-limit/-/p-limit-2.3.0.tgz 0ms (cache hit)
129 http cache locate-path@https://registry.npmjs.org/locate-path/-/locate-path-5.0.0.tgz 0ms (cache hit)
130 http cache find-up@https://registry.npmjs.org/find-up/-/find-up-4.1.0.tgz 0ms (cache hit)
131 http cache picomatch@https://registry.npmjs.org/picomatch/-/picomatch-4.0.3.tgz 0ms (cache hit)
132 http cache picocolors@https://registry.npmjs.org/picocolors/-/picocolors-1.1.1.tgz 0ms (cache hit)
133 http cache path-parse@https://registry.npmjs.org/path-parse/-/path-parse-1.0.7.tgz 0ms (cache hit)
134 http cache p-try@https://registry.npmjs.org/p-try/-/p-try-2.2.0.tgz 0ms (cache hit)
135 http cache path-key@https://registry.npmjs.org/path-key/-/path-key-3.1.1.tgz 0ms (cache hit)
136 http cache path-exists@https://registry.npmjs.org/path-exists/-/path-exists-4.0.0.tgz 0ms (cache hit)
137 http cache p-locate@https://registry.npmjs.org/p-locate/-/p-locate-5.0.0.tgz 0ms (cache hit)
138 http cache p-limit@https://registry.npmjs.org/p-limit/-/p-limit-3.1.0.tgz 0ms (cache hit)
139 http cache nth-check@https://registry.npmjs.org/nth-check/-/nth-check-2.1.1.tgz 0ms (cache hit)
140 http cache node-releases@https://registry.npmjs.org/node-releases/-/node-releases-2.0.27.tgz 0ms (cache hit)
141 http cache node-addon-api@https://registry.npmjs.org/node-addon-api/-/node-addon-api-7.1.1.tgz 0ms (cache hit)
142 http cache neo-async@https://registry.npmjs.org/neo-async/-/neo-async-2.6.2.tgz 0ms (cache hit)
143 http cache nanoid@https://registry.npmjs.org/nanoid/-/nanoid-3.3.11.tgz 0ms (cache hit)
144 http cache ms@https://registry.npmjs.org/ms/-/ms-2.1.3.tgz 0ms (cache hit)
145 http cache mini-css-extract-plugin@https://registry.npmjs.org/mini-css-extract-plugin/-/mini-css-extract-plugin-2.9.4.tgz 0ms (cache hit)
146 http cache mime-types@https://registry.npmjs.org/mime-types/-/mime-types-2.1.35.tgz 0ms (cache hit)
147 http cache mime-db@https://registry.npmjs.org/mime-db/-/mime-db-1.52.0.tgz 0ms (cache hit)
148 http cache merge-stream@https://registry.npmjs.org/merge-stream/-/merge-stream-2.0.0.tgz 0ms (cache hit)
149 http cache mdn-data@https://registry.npmjs.org/mdn-data/-/mdn-data-2.12.2.tgz 0ms (cache hit)
150 http cache lodash.memoize@https://registry.npmjs.org/lodash.memoize/-/lodash.memoize-4.1.2.tgz 0ms (cache hit)
151 http cache lodash.uniq@https://registry.npmjs.org/lodash.uniq/-/lodash.uniq-4.5.0.tgz 0ms (cache hit)
152 http cache lru-cache@https://registry.npmjs.org/lru-cache/-/lru-cache-5.1.1.tgz 0ms (cache hit)
153 http cache lodash.debounce@https://registry.npmjs.org/lodash.debounce/-/lodash.debounce-4.0.8.tgz 0ms (cache hit)
154 http cache locate-path@https://registry.npmjs.org/locate-path/-/locate-path-6.0.0.tgz 0ms (cache hit)
155 http cache lodash@https://registry.npmjs.org/lodash/-/lodash-4.17.23.tgz 0ms (cache hit)
156 http cache loader-utils@https://registry.npmjs.org/loader-utils/-/loader-utils-2.0.4.tgz 0ms (cache hit)
157 http cache loader-runner@https://registry.npmjs.org/loader-runner/-/loader-runner-4.3.1.tgz 0ms (cache hit)
158 http cache lilconfig@https://registry.npmjs.org/lilconfig/-/lilconfig-3.1.3.tgz 0ms (cache hit)
159 http cache kind-of@https://registry.npmjs.org/kind-of/-/kind-of-6.0.3.tgz 0ms (cache hit)
160 http cache json5@https://registry.npmjs.org/json5/-/json5-2.2.3.tgz 0ms (cache hit)
161 http cache json-schema-traverse@https://registry.npmjs.org/json-schema-traverse/-/json-schema-traverse-1.0.0.tgz 0ms (cache hit)
162 http cache json-parse-even-better-errors@https://registry.npmjs.org/json-parse-even-better-errors/-/json-parse-even-better-errors-2.3.1.tgz 0ms (cache hit)
163 http cache jsesc@https://registry.npmjs.org/jsesc/-/jsesc-3.1.0.tgz 0ms (cache hit)
164 http cache js-tokens@https://registry.npmjs.org/js-tokens/-/js-tokens-4.0.0.tgz 0ms (cache hit)
165 http cache jest-worker@https://registry.npmjs.org/jest-worker/-/jest-worker-30.2.0.tgz 0ms (cache hit)
166 http cache has-flag@https://registry.npmjs.org/has-flag/-/has-flag-4.0.0.tgz 0ms (cache hit)
167 http cache jest-util@https://registry.npmjs.org/jest-util/-/jest-util-30.2.0.tgz 0ms (cache hit)
168 http cache supports-color@https://registry.npmjs.org/supports-color/-/supports-color-8.1.1.tgz 0ms (cache hit)
169 http cache supports-color@https://registry.npmjs.org/supports-color/-/supports-color-7.2.0.tgz 0ms (cache hit)
170 http cache has-flag@https://registry.npmjs.org/has-flag/-/has-flag-4.0.0.tgz 0ms (cache hit)
171 http cache color-name@https://registry.npmjs.org/color-name/-/color-name-1.1.4.tgz 0ms (cache hit)
172 http cache color-convert@https://registry.npmjs.org/color-convert/-/color-convert-2.0.1.tgz 0ms (cache hit)
173 http cache ansi-styles@https://registry.npmjs.org/ansi-styles/-/ansi-styles-4.3.0.tgz 0ms (cache hit)
174 http cache chalk@https://registry.npmjs.org/chalk/-/chalk-4.1.2.tgz 0ms (cache hit)
175 http cache jest-regex-util@https://registry.npmjs.org/jest-regex-util/-/jest-regex-util-30.0.1.tgz 0ms (cache hit)
176 http cache isobject@https://registry.npmjs.org/isobject/-/isobject-3.0.1.tgz 0ms (cache hit)
177 http cache isexe@https://registry.npmjs.org/isexe/-/isexe-2.0.0.tgz 0ms (cache hit)
178 http cache is-plain-object@https://registry.npmjs.org/is-plain-object/-/is-plain-object-2.0.4.tgz 0ms (cache hit)
179 http cache is-extglob@https://registry.npmjs.org/is-extglob/-/is-extglob-2.1.1.tgz 0ms (cache hit)
180 http cache is-glob@https://registry.npmjs.org/is-glob/-/is-glob-4.0.3.tgz 0ms (cache hit)
181 http cache is-fullwidth-code-point@https://registry.npmjs.org/is-fullwidth-code-point/-/is-fullwidth-code-point-3.0.0.tgz 0ms (cache hit)
182 http cache is-core-module@https://registry.npmjs.org/is-core-module/-/is-core-module-2.16.1.tgz 0ms (cache hit)
183 http cache interpret@https://registry.npmjs.org/interpret/-/interpret-3.1.1.tgz 0ms (cache hit)
184 http cache import-local@https://registry.npmjs.org/import-local/-/import-local-3.2.0.tgz 0ms (cache hit)
185 http cache immutable@https://registry.npmjs.org/immutable/-/immutable-5.1.4.tgz 0ms (cache hit)
186 http cache icss-utils@https://registry.npmjs.org/icss-utils/-/icss-utils-5.1.0.tgz 0ms (cache hit)
187 http cache htmlparser2@https://registry.npmjs.org/htmlparser2/-/htmlparser2-6.1.0.tgz 0ms (cache hit)
188 http cache he@https://registry.npmjs.org/he/-/he-1.2.0.tgz 0ms (cache hit)
189 http cache has-flag@https://registry.npmjs.org/has-flag/-/has-flag-3.0.0.tgz 1ms (cache hit)
190 http cache hasown@https://registry.npmjs.org/hasown/-/hasown-2.0.2.tgz 0ms (cache hit)
191 http cache graceful-fs@https://registry.npmjs.org/graceful-fs/-/graceful-fs-4.2.11.tgz 0ms (cache hit)
192 http cache glob-to-regexp@https://registry.npmjs.org/glob-to-regexp/-/glob-to-regexp-0.4.1.tgz 0ms (cache hit)
193 http cache gensync@https://registry.npmjs.org/gensync/-/gensync-1.0.0-beta.2.tgz 0ms (cache hit)
194 http cache function-bind@https://registry.npmjs.org/function-bind/-/function-bind-1.1.2.tgz 0ms (cache hit)
195 http cache fastest-levenshtein@https://registry.npmjs.org/fastest-levenshtein/-/fastest-levenshtein-1.0.16.tgz 0ms (cache hit)
196 http cache flat@https://registry.npmjs.org/flat/-/flat-5.0.2.tgz 0ms (cache hit)
197 http cache find-up@https://registry.npmjs.org/find-up/-/find-up-5.0.0.tgz 0ms (cache hit)
198 http cache fast-uri@https://registry.npmjs.org/fast-uri/-/fast-uri-3.1.0.tgz 0ms (cache hit)
199 http cache events@https://registry.npmjs.org/events/-/events-3.3.0.tgz 0ms (cache hit)
200 http cache fast-deep-equal@https://registry.npmjs.org/fast-deep-equal/-/fast-deep-equal-3.1.3.tgz 0ms (cache hit)
201 http cache esutils@https://registry.npmjs.org/esutils/-/esutils-2.0.3.tgz 0ms (cache hit)
202 http cache estraverse@https://registry.npmjs.org/estraverse/-/estraverse-4.3.0.tgz 0ms (cache hit)
203 http cache esrecurse@https://registry.npmjs.org/esrecurse/-/esrecurse-4.3.0.tgz 0ms (cache hit)
204 http cache estraverse@https://registry.npmjs.org/estraverse/-/estraverse-5.3.0.tgz 0ms (cache hit)
205 http cache eslint-scope@https://registry.npmjs.org/eslint-scope/-/eslint-scope-5.1.1.tgz 0ms (cache hit)
206 http cache escape-string-regexp@https://registry.npmjs.org/escape-string-regexp/-/escape-string-regexp-1.0.5.tgz 0ms (cache hit)
207 http cache escalade@https://registry.npmjs.org/escalade/-/escalade-3.2.0.tgz 0ms (cache hit)
208 http cache error-stack-parser@https://registry.npmjs.org/error-stack-parser/-/error-stack-parser-2.1.4.tgz 0ms (cache hit)
209 http cache es-module-lexer@https://registry.npmjs.org/es-module-lexer/-/es-module-lexer-2.0.0.tgz 0ms (cache hit)
210 http cache envinfo@https://registry.npmjs.org/envinfo/-/envinfo-7.21.0.tgz 0ms (cache hit)
211 http cache emojis-list@https://registry.npmjs.org/emojis-list/-/emojis-list-3.0.0.tgz 0ms (cache hit)
212 http cache entities@https://registry.npmjs.org/entities/-/entities-2.2.0.tgz 0ms (cache hit)
213 http cache enhanced-resolve@https://registry.npmjs.org/enhanced-resolve/-/enhanced-resolve-5.18.4.tgz 0ms (cache hit)
214 http cache emoji-regex@https://registry.npmjs.org/emoji-regex/-/emoji-regex-8.0.0.tgz 0ms (cache hit)
215 http cache electron-to-chromium@https://registry.npmjs.org/electron-to-chromium/-/electron-to-chromium-1.5.267.tgz 0ms (cache hit)
216 http cache domutils@https://registry.npmjs.org/domutils/-/domutils-2.8.0.tgz 0ms (cache hit)
217 http cache domhandler@https://registry.npmjs.org/domhandler/-/domhandler-4.3.1.tgz 0ms (cache hit)
218 http cache dom-serializer@https://registry.npmjs.org/dom-serializer/-/dom-serializer-1.4.1.tgz 0ms (cache hit)
219 http cache domelementtype@https://registry.npmjs.org/domelementtype/-/domelementtype-2.3.0.tgz 0ms (cache hit)
220 http cache dom-converter@https://registry.npmjs.org/dom-converter/-/dom-converter-0.2.0.tgz 0ms (cache hit)
221 http cache detect-libc@https://registry.npmjs.org/detect-libc/-/detect-libc-2.1.2.tgz 0ms (cache hit)
222 http cache debug@https://registry.npmjs.org/debug/-/debug-4.4.3.tgz 0ms (cache hit)
223 http cache csso@https://registry.npmjs.org/csso/-/csso-5.0.5.tgz 0ms (cache hit)
224 http cache cssnano-utils@https://registry.npmjs.org/cssnano-utils/-/cssnano-utils-5.0.1.tgz 0ms (cache hit)
225 http cache mdn-data@https://registry.npmjs.org/mdn-data/-/mdn-data-2.0.28.tgz 0ms (cache hit)
226 http cache css-tree@https://registry.npmjs.org/css-tree/-/css-tree-2.2.1.tgz 0ms (cache hit)
227 http cache cssnano-preset-default@https://registry.npmjs.org/cssnano-preset-default/-/cssnano-preset-default-7.0.10.tgz 0ms (cache hit)
228 http cache cssnano@https://registry.npmjs.org/cssnano/-/cssnano-7.1.2.tgz 0ms (cache hit)
229 http cache cssesc@https://registry.npmjs.org/cssesc/-/cssesc-3.0.0.tgz 0ms (cache hit)
230 http cache css-what@https://registry.npmjs.org/css-what/-/css-what-6.2.2.tgz 0ms (cache hit)
231 http cache css-tree@https://registry.npmjs.org/css-tree/-/css-tree-3.1.0.tgz 0ms (cache hit)
232 http cache css-select@https://registry.npmjs.org/css-select/-/css-select-4.3.0.tgz 0ms (cache hit)
233 http cache css-minimizer-webpack-plugin@https://registry.npmjs.org/css-minimizer-webpack-plugin/-/css-minimizer-webpack-plugin-7.0.4.tgz 0ms (cache hit)
234 http cache css-loader@https://registry.npmjs.org/css-loader/-/css-loader-7.1.2.tgz 0ms (cache hit)
235 http cache css-declaration-sorter@https://registry.npmjs.org/css-declaration-sorter/-/css-declaration-sorter-7.3.1.tgz 0ms (cache hit)
236 http cache semver@https://registry.npmjs.org/semver/-/semver-7.7.3.tgz 0ms (cache hit)
237 http cache core-js-compat@https://registry.npmjs.org/core-js-compat/-/core-js-compat-3.47.0.tgz 0ms (cache hit)
238 http cache cross-spawn@https://registry.npmjs.org/cross-spawn/-/cross-spawn-7.0.6.tgz 0ms (cache hit)
239 http cache core-js@https://registry.npmjs.org/core-js/-/core-js-3.47.0.tgz 0ms (cache hit)
240 http cache convert-source-map@https://registry.npmjs.org/convert-source-map/-/convert-source-map-2.0.0.tgz 0ms (cache hit)
241 http cache consola@https://registry.npmjs.org/consola/-/consola-3.4.2.tgz 0ms (cache hit)
242 http cache commander@https://registry.npmjs.org/commander/-/commander-11.1.0.tgz 0ms (cache hit)
243 http cache colorette@https://registry.npmjs.org/colorette/-/colorette-2.0.20.tgz 0ms (cache hit)
244 http cache colord@https://registry.npmjs.org/colord/-/colord-2.9.3.tgz 0ms (cache hit)
245 http cache color-name@https://registry.npmjs.org/color-name/-/color-name-1.1.3.tgz 0ms (cache hit)
246 http cache color-convert@https://registry.npmjs.org/color-convert/-/color-convert-1.9.3.tgz 0ms (cache hit)
247 http cache clone-deep@https://registry.npmjs.org/clone-deep/-/clone-deep-4.0.1.tgz 0ms (cache hit)
248 http cache ci-info@https://registry.npmjs.org/ci-info/-/ci-info-4.3.1.tgz 0ms (cache hit)
249 http cache chrome-trace-event@https://registry.npmjs.org/chrome-trace-event/-/chrome-trace-event-1.0.4.tgz 0ms (cache hit)
250 http cache chokidar@https://registry.npmjs.org/chokidar/-/chokidar-4.0.3.tgz 0ms (cache hit)
251 http cache chalk@https://registry.npmjs.org/chalk/-/chalk-2.4.2.tgz 0ms (cache hit)
252 http cache caniuse-lite@https://registry.npmjs.org/caniuse-lite/-/caniuse-lite-1.0.30001764.tgz 0ms (cache hit)
253 http cache caniuse-api@https://registry.npmjs.org/caniuse-api/-/caniuse-api-3.0.0.tgz 0ms (cache hit)
254 http cache buffer-from@https://registry.npmjs.org/buffer-from/-/buffer-from-1.1.2.tgz 0ms (cache hit)
255 http cache browserslist@https://registry.npmjs.org/browserslist/-/browserslist-4.28.1.tgz 0ms (cache hit)
256 http cache bootstrap@https://registry.npmjs.org/bootstrap/-/bootstrap-5.3.8.tgz 0ms (cache hit)
257 http cache boolbase@https://registry.npmjs.org/boolbase/-/boolbase-1.0.0.tgz 0ms (cache hit)
258 http cache big.js@https://registry.npmjs.org/big.js/-/big.js-5.2.2.tgz 0ms (cache hit)
259 http cache babel-plugin-polyfill-corejs3@https://registry.npmjs.org/babel-plugin-polyfill-corejs3/-/babel-plugin-polyfill-corejs3-0.13.0.tgz 0ms (cache hit)
260 http cache baseline-browser-mapping@https://registry.npmjs.org/baseline-browser-mapping/-/baseline-browser-mapping-2.9.14.tgz 0ms (cache hit)
261 http cache babel-plugin-polyfill-regenerator@https://registry.npmjs.org/babel-plugin-polyfill-regenerator/-/babel-plugin-polyfill-regenerator-0.6.5.tgz 0ms (cache hit)
262 http cache babel-plugin-polyfill-corejs2@https://registry.npmjs.org/babel-plugin-polyfill-corejs2/-/babel-plugin-polyfill-corejs2-0.4.14.tgz 0ms (cache hit)
263 http cache babel-loader@https://registry.npmjs.org/babel-loader/-/babel-loader-10.0.0.tgz 0ms (cache hit)
264 http cache ansi-styles@https://registry.npmjs.org/ansi-styles/-/ansi-styles-3.2.1.tgz 0ms (cache hit)
265 http cache ansi-regex@https://registry.npmjs.org/ansi-regex/-/ansi-regex-5.0.1.tgz 0ms (cache hit)
266 http cache ajv-keywords@https://registry.npmjs.org/ajv-keywords/-/ajv-keywords-5.1.0.tgz 0ms (cache hit)
267 http cache ajv-formats@https://registry.npmjs.org/ajv-formats/-/ajv-formats-2.1.1.tgz 0ms (cache hit)
268 http cache ajv@https://registry.npmjs.org/ajv/-/ajv-8.17.1.tgz 0ms (cache hit)
269 http cache acorn-import-phases@https://registry.npmjs.org/acorn-import-phases/-/acorn-import-phases-1.0.4.tgz 0ms (cache hit)
270 http cache adjust-sourcemap-loader@https://registry.npmjs.org/adjust-sourcemap-loader/-/adjust-sourcemap-loader-4.0.0.tgz 0ms (cache hit)
271 http cache acorn@https://registry.npmjs.org/acorn/-/acorn-8.15.0.tgz 0ms (cache hit)
272 http cache @xtuc/long@https://registry.npmjs.org/@xtuc/long/-/long-4.2.2.tgz 0ms (cache hit)
273 http cache @xtuc/ieee754@https://registry.npmjs.org/@xtuc/ieee754/-/ieee754-1.2.0.tgz 0ms (cache hit)
274 http cache @zackad/prettier-plugin-twig@https://registry.npmjs.org/@zackad/prettier-plugin-twig/-/prettier-plugin-twig-0.16.2.tgz 0ms (cache hit)
275 http cache @webpack-cli/info@https://registry.npmjs.org/@webpack-cli/info/-/info-2.0.2.tgz 0ms (cache hit)
276 http cache @webpack-cli/serve@https://registry.npmjs.org/@webpack-cli/serve/-/serve-2.0.5.tgz 0ms (cache hit)
277 http cache @webpack-cli/configtest@https://registry.npmjs.org/@webpack-cli/configtest/-/configtest-2.1.1.tgz 0ms (cache hit)
278 http cache @webassemblyjs/wast-printer@https://registry.npmjs.org/@webassemblyjs/wast-printer/-/wast-printer-1.14.1.tgz 0ms (cache hit)
279 http cache @webassemblyjs/wasm-parser@https://registry.npmjs.org/@webassemblyjs/wasm-parser/-/wasm-parser-1.14.1.tgz 0ms (cache hit)
280 http cache @webassemblyjs/wasm-opt@https://registry.npmjs.org/@webassemblyjs/wasm-opt/-/wasm-opt-1.14.1.tgz 0ms (cache hit)
281 http cache @webassemblyjs/wasm-gen@https://registry.npmjs.org/@webassemblyjs/wasm-gen/-/wasm-gen-1.14.1.tgz 0ms (cache hit)
282 http cache @webassemblyjs/wasm-edit@https://registry.npmjs.org/@webassemblyjs/wasm-edit/-/wasm-edit-1.14.1.tgz 0ms (cache hit)
283 http cache @webassemblyjs/utf8@https://registry.npmjs.org/@webassemblyjs/utf8/-/utf8-1.13.2.tgz 0ms (cache hit)
284 http cache @webassemblyjs/leb128@https://registry.npmjs.org/@webassemblyjs/leb128/-/leb128-1.13.2.tgz 0ms (cache hit)
285 http cache @webassemblyjs/ieee754@https://registry.npmjs.org/@webassemblyjs/ieee754/-/ieee754-1.13.2.tgz 0ms (cache hit)
286 http cache @webassemblyjs/helper-wasm-section@https://registry.npmjs.org/@webassemblyjs/helper-wasm-section/-/helper-wasm-section-1.14.1.tgz 0ms (cache hit)
287 http cache @webassemblyjs/helper-wasm-bytecode@https://registry.npmjs.org/@webassemblyjs/helper-wasm-bytecode/-/helper-wasm-bytecode-1.13.2.tgz 0ms (cache hit)
288 http cache @webassemblyjs/helper-numbers@https://registry.npmjs.org/@webassemblyjs/helper-numbers/-/helper-numbers-1.13.2.tgz 0ms (cache hit)
289 http cache @webassemblyjs/helper-buffer@https://registry.npmjs.org/@webassemblyjs/helper-buffer/-/helper-buffer-1.14.1.tgz 0ms (cache hit)
290 http cache @webassemblyjs/helper-api-error@https://registry.npmjs.org/@webassemblyjs/helper-api-error/-/helper-api-error-1.13.2.tgz 0ms (cache hit)
291 http cache @ungap/structured-clone@https://registry.npmjs.org/@ungap/structured-clone/-/structured-clone-1.3.0.tgz 0ms (cache hit)
292 http cache @webassemblyjs/ast@https://registry.npmjs.org/@webassemblyjs/ast/-/ast-1.14.1.tgz 0ms (cache hit)
293 http cache @webassemblyjs/floating-point-hex-parser@https://registry.npmjs.org/@webassemblyjs/floating-point-hex-parser/-/floating-point-hex-parser-1.13.2.tgz 0ms (cache hit)
294 http cache @types/yargs-parser@https://registry.npmjs.org/@types/yargs-parser/-/yargs-parser-21.0.3.tgz 0ms (cache hit)
295 http cache @types/webpack-env@https://registry.npmjs.org/@types/webpack-env/-/webpack-env-1.18.8.tgz 0ms (cache hit)
296 http cache @types/yargs@https://registry.npmjs.org/@types/yargs/-/yargs-17.0.35.tgz 0ms (cache hit)
297 http cache @types/node@https://registry.npmjs.org/@types/node/-/node-25.0.9.tgz 0ms (cache hit)
298 http cache @types/json-schema@https://registry.npmjs.org/@types/json-schema/-/json-schema-7.0.15.tgz 0ms (cache hit)
299 http cache @types/istanbul-reports@https://registry.npmjs.org/@types/istanbul-reports/-/istanbul-reports-3.0.4.tgz 0ms (cache hit)
300 http cache @types/istanbul-lib-report@https://registry.npmjs.org/@types/istanbul-lib-report/-/istanbul-lib-report-3.0.3.tgz 0ms (cache hit)
301 http cache @types/istanbul-lib-coverage@https://registry.npmjs.org/@types/istanbul-lib-coverage/-/istanbul-lib-coverage-2.0.6.tgz 0ms (cache hit)
302 http cache @types/estree@https://registry.npmjs.org/@types/estree/-/estree-1.0.8.tgz 0ms (cache hit)
303 http cache @types/eslint-scope@https://registry.npmjs.org/@types/eslint-scope/-/eslint-scope-3.7.7.tgz 0ms (cache hit)
304 http cache @types/eslint@https://registry.npmjs.org/@types/eslint/-/eslint-9.6.1.tgz 0ms (cache hit)
305 http cache @symfony/webpack-encore@https://registry.npmjs.org/@symfony/webpack-encore/-/webpack-encore-5.3.1.tgz 0ms (cache hit)
306 http cache semver@https://registry.npmjs.org/semver/-/semver-7.7.3.tgz 0ms (cache hit)
307 http cache @sinclair/typebox@https://registry.npmjs.org/@sinclair/typebox/-/typebox-0.34.47.tgz 0ms (cache hit)
308 http cache @symfony/stimulus-bridge@https://registry.npmjs.org/@symfony/stimulus-bridge/-/stimulus-bridge-4.0.1.tgz 0ms (cache hit)
309 http cache @popperjs/core@https://registry.npmjs.org/@popperjs/core/-/core-2.11.8.tgz 0ms (cache hit)
310 http cache @parcel/watcher@https://registry.npmjs.org/@parcel/watcher/-/watcher-2.5.4.tgz 0ms (cache hit)
311 http cache @parcel/watcher-linux-x64-musl@https://registry.npmjs.org/@parcel/watcher-linux-x64-musl/-/watcher-linux-x64-musl-2.5.4.tgz 0ms (cache hit)
312 http cache @parcel/watcher-linux-x64-glibc@https://registry.npmjs.org/@parcel/watcher-linux-x64-glibc/-/watcher-linux-x64-glibc-2.5.4.tgz 0ms (cache hit)
313 http cache @nuxt/friendly-errors-webpack-plugin@https://registry.npmjs.org/@nuxt/friendly-errors-webpack-plugin/-/friendly-errors-webpack-plugin-2.6.0.tgz 0ms (cache hit)
314 http cache @jridgewell/sourcemap-codec@https://registry.npmjs.org/@jridgewell/sourcemap-codec/-/sourcemap-codec-1.5.5.tgz 0ms (cache hit)
315 http cache @jridgewell/trace-mapping@https://registry.npmjs.org/@jridgewell/trace-mapping/-/trace-mapping-0.3.31.tgz 0ms (cache hit)
316 http cache @jridgewell/source-map@https://registry.npmjs.org/@jridgewell/source-map/-/source-map-0.3.11.tgz 0ms (cache hit)
317 http cache @jridgewell/resolve-uri@https://registry.npmjs.org/@jridgewell/resolve-uri/-/resolve-uri-3.1.2.tgz 0ms (cache hit)
318 http cache @jridgewell/remapping@https://registry.npmjs.org/@jridgewell/remapping/-/remapping-2.3.5.tgz 0ms (cache hit)
319 http cache @jridgewell/gen-mapping@https://registry.npmjs.org/@jridgewell/gen-mapping/-/gen-mapping-0.3.13.tgz 0ms (cache hit)
320 http cache @jest/types@https://registry.npmjs.org/@jest/types/-/types-30.2.0.tgz 0ms (cache hit)
321 http cache supports-color@https://registry.npmjs.org/supports-color/-/supports-color-7.2.0.tgz 0ms (cache hit)
322 http cache has-flag@https://registry.npmjs.org/has-flag/-/has-flag-4.0.0.tgz 0ms (cache hit)
323 http cache color-name@https://registry.npmjs.org/color-name/-/color-name-1.1.4.tgz 0ms (cache hit)
324 http cache color-convert@https://registry.npmjs.org/color-convert/-/color-convert-2.0.1.tgz 0ms (cache hit)
325 http cache chalk@https://registry.npmjs.org/chalk/-/chalk-4.1.2.tgz 0ms (cache hit)
326 http cache @jest/pattern@https://registry.npmjs.org/@jest/pattern/-/pattern-30.0.1.tgz 0ms (cache hit)
327 http cache @jest/schemas@https://registry.npmjs.org/@jest/schemas/-/schemas-30.0.5.tgz 0ms (cache hit)
328 http cache ansi-styles@https://registry.npmjs.org/ansi-styles/-/ansi-styles-4.3.0.tgz 0ms (cache hit)
329 http cache @hotwired/turbo@https://registry.npmjs.org/@hotwired/turbo/-/turbo-8.0.21.tgz 0ms (cache hit)
330 http cache @hotwired/stimulus@https://registry.npmjs.org/@hotwired/stimulus/-/stimulus-3.2.2.tgz 0ms (cache hit)
331 http cache @hotwired/stimulus-webpack-helpers@https://registry.npmjs.org/@hotwired/stimulus-webpack-helpers/-/stimulus-webpack-helpers-1.0.1.tgz 0ms (cache hit)
332 http cache @discoveryjs/json-ext@https://registry.npmjs.org/@discoveryjs/json-ext/-/json-ext-0.5.7.tgz 0ms (cache hit)
333 http cache @babel/traverse@https://registry.npmjs.org/@babel/traverse/-/traverse-7.28.6.tgz 0ms (cache hit)
334 http cache @babel/types@https://registry.npmjs.org/@babel/types/-/types-7.28.6.tgz 0ms (cache hit)
335 http cache @babel/template@https://registry.npmjs.org/@babel/template/-/template-7.28.6.tgz 0ms (cache hit)
336 http cache @babel/preset-env@https://registry.npmjs.org/@babel/preset-env/-/preset-env-7.28.6.tgz 0ms (cache hit)
337 http cache @babel/preset-modules@https://registry.npmjs.org/@babel/preset-modules/-/preset-modules-0.1.6-no-external-plugins.tgz 0ms (cache hit)
338 http cache @babel/plugin-transform-unicode-sets-regex@https://registry.npmjs.org/@babel/plugin-transform-unicode-sets-regex/-/plugin-transform-unicode-sets-regex-7.28.6.tgz 0ms (cache hit)
339 http cache @babel/plugin-transform-unicode-escapes@https://registry.npmjs.org/@babel/plugin-transform-unicode-escapes/-/plugin-transform-unicode-escapes-7.27.1.tgz 0ms (cache hit)
340 http cache @babel/plugin-transform-unicode-property-regex@https://registry.npmjs.org/@babel/plugin-transform-unicode-property-regex/-/plugin-transform-unicode-property-regex-7.28.6.tgz 0ms (cache hit)
341 http cache @babel/plugin-transform-unicode-regex@https://registry.npmjs.org/@babel/plugin-transform-unicode-regex/-/plugin-transform-unicode-regex-7.27.1.tgz 0ms (cache hit)
342 http cache @babel/plugin-transform-typeof-symbol@https://registry.npmjs.org/@babel/plugin-transform-typeof-symbol/-/plugin-transform-typeof-symbol-7.27.1.tgz 0ms (cache hit)
343 http cache @babel/plugin-transform-sticky-regex@https://registry.npmjs.org/@babel/plugin-transform-sticky-regex/-/plugin-transform-sticky-regex-7.27.1.tgz 0ms (cache hit)
344 http cache @babel/plugin-transform-template-literals@https://registry.npmjs.org/@babel/plugin-transform-template-literals/-/plugin-transform-template-literals-7.27.1.tgz 0ms (cache hit)
345 http cache @babel/plugin-transform-spread@https://registry.npmjs.org/@babel/plugin-transform-spread/-/plugin-transform-spread-7.28.6.tgz 0ms (cache hit)
346 http cache @babel/plugin-transform-shorthand-properties@https://registry.npmjs.org/@babel/plugin-transform-shorthand-properties/-/plugin-transform-shorthand-properties-7.27.1.tgz 0ms (cache hit)
347 http cache @babel/plugin-transform-reserved-words@https://registry.npmjs.org/@babel/plugin-transform-reserved-words/-/plugin-transform-reserved-words-7.27.1.tgz 0ms (cache hit)
348 http cache @babel/plugin-transform-regexp-modifiers@https://registry.npmjs.org/@babel/plugin-transform-regexp-modifiers/-/plugin-transform-regexp-modifiers-7.28.6.tgz 0ms (cache hit)
349 http cache @babel/plugin-transform-regenerator@https://registry.npmjs.org/@babel/plugin-transform-regenerator/-/plugin-transform-regenerator-7.28.6.tgz 0ms (cache hit)
350 http cache @babel/plugin-transform-property-literals@https://registry.npmjs.org/@babel/plugin-transform-property-literals/-/plugin-transform-property-literals-7.27.1.tgz 0ms (cache hit)
351 http cache @babel/plugin-transform-private-property-in-object@https://registry.npmjs.org/@babel/plugin-transform-private-property-in-object/-/plugin-transform-private-property-in-object-7.28.6.tgz 0ms (cache hit)
352 http cache @babel/plugin-transform-private-methods@https://registry.npmjs.org/@babel/plugin-transform-private-methods/-/plugin-transform-private-methods-7.28.6.tgz 0ms (cache hit)
353 http cache @babel/plugin-transform-parameters@https://registry.npmjs.org/@babel/plugin-transform-parameters/-/plugin-transform-parameters-7.27.7.tgz 0ms (cache hit)
354 http cache @babel/plugin-transform-optional-chaining@https://registry.npmjs.org/@babel/plugin-transform-optional-chaining/-/plugin-transform-optional-chaining-7.28.6.tgz 0ms (cache hit)
355 http cache @babel/plugin-transform-object-rest-spread@https://registry.npmjs.org/@babel/plugin-transform-object-rest-spread/-/plugin-transform-object-rest-spread-7.28.6.tgz 0ms (cache hit)
356 http cache @babel/plugin-transform-object-super@https://registry.npmjs.org/@babel/plugin-transform-object-super/-/plugin-transform-object-super-7.27.1.tgz 0ms (cache hit)
357 http cache @babel/plugin-transform-optional-catch-binding@https://registry.npmjs.org/@babel/plugin-transform-optional-catch-binding/-/plugin-transform-optional-catch-binding-7.28.6.tgz 0ms (cache hit)
358 http cache @babel/plugin-transform-numeric-separator@https://registry.npmjs.org/@babel/plugin-transform-numeric-separator/-/plugin-transform-numeric-separator-7.28.6.tgz 0ms (cache hit)
359 http cache @babel/plugin-transform-new-target@https://registry.npmjs.org/@babel/plugin-transform-new-target/-/plugin-transform-new-target-7.27.1.tgz 0ms (cache hit)
360 http cache @babel/plugin-transform-nullish-coalescing-operator@https://registry.npmjs.org/@babel/plugin-transform-nullish-coalescing-operator/-/plugin-transform-nullish-coalescing-operator-7.28.6.tgz 0ms (cache hit)
361 http cache @babel/plugin-transform-named-capturing-groups-regex@https://registry.npmjs.org/@babel/plugin-transform-named-capturing-groups-regex/-/plugin-transform-named-capturing-groups-regex-7.27.1.tgz 0ms (cache hit)
362 http cache @babel/plugin-transform-modules-umd@https://registry.npmjs.org/@babel/plugin-transform-modules-umd/-/plugin-transform-modules-umd-7.27.1.tgz 0ms (cache hit)
363 http cache @babel/plugin-transform-modules-systemjs@https://registry.npmjs.org/@babel/plugin-transform-modules-systemjs/-/plugin-transform-modules-systemjs-7.28.5.tgz 0ms (cache hit)
364 http cache @babel/plugin-transform-modules-commonjs@https://registry.npmjs.org/@babel/plugin-transform-modules-commonjs/-/plugin-transform-modules-commonjs-7.28.6.tgz 0ms (cache hit)
365 http cache @babel/plugin-transform-modules-amd@https://registry.npmjs.org/@babel/plugin-transform-modules-amd/-/plugin-transform-modules-amd-7.27.1.tgz 0ms (cache hit)
366 http cache @babel/plugin-transform-member-expression-literals@https://registry.npmjs.org/@babel/plugin-transform-member-expression-literals/-/plugin-transform-member-expression-literals-7.27.1.tgz 0ms (cache hit)
367 http cache @babel/plugin-transform-logical-assignment-operators@https://registry.npmjs.org/@babel/plugin-transform-logical-assignment-operators/-/plugin-transform-logical-assignment-operators-7.28.6.tgz 0ms (cache hit)
368 http cache @babel/plugin-transform-literals@https://registry.npmjs.org/@babel/plugin-transform-literals/-/plugin-transform-literals-7.27.1.tgz 0ms (cache hit)
369 http cache @babel/plugin-transform-function-name@https://registry.npmjs.org/@babel/plugin-transform-function-name/-/plugin-transform-function-name-7.27.1.tgz 0ms (cache hit)
370 http cache @babel/plugin-transform-json-strings@https://registry.npmjs.org/@babel/plugin-transform-json-strings/-/plugin-transform-json-strings-7.28.6.tgz 0ms (cache hit)
371 http cache @babel/plugin-transform-export-namespace-from@https://registry.npmjs.org/@babel/plugin-transform-export-namespace-from/-/plugin-transform-export-namespace-from-7.27.1.tgz 0ms (cache hit)
372 http cache @babel/plugin-transform-for-of@https://registry.npmjs.org/@babel/plugin-transform-for-of/-/plugin-transform-for-of-7.27.1.tgz 0ms (cache hit)
373 http cache @babel/plugin-transform-exponentiation-operator@https://registry.npmjs.org/@babel/plugin-transform-exponentiation-operator/-/plugin-transform-exponentiation-operator-7.28.6.tgz 0ms (cache hit)
374 http cache @babel/plugin-transform-explicit-resource-management@https://registry.npmjs.org/@babel/plugin-transform-explicit-resource-management/-/plugin-transform-explicit-resource-management-7.28.6.tgz 0ms (cache hit)
375 http cache @babel/plugin-transform-dynamic-import@https://registry.npmjs.org/@babel/plugin-transform-dynamic-import/-/plugin-transform-dynamic-import-7.27.1.tgz 0ms (cache hit)
376 http cache @babel/plugin-transform-duplicate-named-capturing-groups-regex@https://registry.npmjs.org/@babel/plugin-transform-duplicate-named-capturing-groups-regex/-/plugin-transform-duplicate-named-capturing-groups-regex-7.28.6.tgz 0ms (cache hit)
377 http cache @babel/plugin-transform-duplicate-keys@https://registry.npmjs.org/@babel/plugin-transform-duplicate-keys/-/plugin-transform-duplicate-keys-7.27.1.tgz 0ms (cache hit)
378 http cache @babel/plugin-transform-dotall-regex@https://registry.npmjs.org/@babel/plugin-transform-dotall-regex/-/plugin-transform-dotall-regex-7.28.6.tgz 0ms (cache hit)
379 http cache @babel/plugin-transform-destructuring@https://registry.npmjs.org/@babel/plugin-transform-destructuring/-/plugin-transform-destructuring-7.28.5.tgz 0ms (cache hit)
380 http cache @babel/plugin-transform-computed-properties@https://registry.npmjs.org/@babel/plugin-transform-computed-properties/-/plugin-transform-computed-properties-7.28.6.tgz 0ms (cache hit)
381 http cache @babel/plugin-transform-classes@https://registry.npmjs.org/@babel/plugin-transform-classes/-/plugin-transform-classes-7.28.6.tgz 0ms (cache hit)
382 http cache @babel/plugin-transform-class-static-block@https://registry.npmjs.org/@babel/plugin-transform-class-static-block/-/plugin-transform-class-static-block-7.28.6.tgz 0ms (cache hit)
383 http cache @babel/plugin-transform-class-properties@https://registry.npmjs.org/@babel/plugin-transform-class-properties/-/plugin-transform-class-properties-7.28.6.tgz 0ms (cache hit)
384 http cache @babel/plugin-transform-block-scoping@https://registry.npmjs.org/@babel/plugin-transform-block-scoping/-/plugin-transform-block-scoping-7.28.6.tgz 0ms (cache hit)
385 http cache @babel/plugin-transform-async-to-generator@https://registry.npmjs.org/@babel/plugin-transform-async-to-generator/-/plugin-transform-async-to-generator-7.28.6.tgz 0ms (cache hit)
386 http cache @babel/plugin-transform-block-scoped-functions@https://registry.npmjs.org/@babel/plugin-transform-block-scoped-functions/-/plugin-transform-block-scoped-functions-7.27.1.tgz 0ms (cache hit)
387 http cache @babel/plugin-transform-arrow-functions@https://registry.npmjs.org/@babel/plugin-transform-arrow-functions/-/plugin-transform-arrow-functions-7.27.1.tgz 0ms (cache hit)
388 http cache @babel/plugin-transform-async-generator-functions@https://registry.npmjs.org/@babel/plugin-transform-async-generator-functions/-/plugin-transform-async-generator-functions-7.28.6.tgz 0ms (cache hit)
389 http cache @babel/plugin-syntax-unicode-sets-regex@https://registry.npmjs.org/@babel/plugin-syntax-unicode-sets-regex/-/plugin-syntax-unicode-sets-regex-7.18.6.tgz 0ms (cache hit)
390 http cache @babel/plugin-syntax-import-attributes@https://registry.npmjs.org/@babel/plugin-syntax-import-attributes/-/plugin-syntax-import-attributes-7.28.6.tgz 0ms (cache hit)
391 http cache @babel/plugin-syntax-import-assertions@https://registry.npmjs.org/@babel/plugin-syntax-import-assertions/-/plugin-syntax-import-assertions-7.28.6.tgz 0ms (cache hit)
392 http cache @babel/plugin-proposal-private-property-in-object@https://registry.npmjs.org/@babel/plugin-proposal-private-property-in-object/-/plugin-proposal-private-property-in-object-7.21.0-placeholder-for-preset-env.2.tgz 0ms (cache hit)
393 http cache @babel/plugin-bugfix-v8-static-class-fields-redefine-readonly@https://registry.npmjs.org/@babel/plugin-bugfix-v8-static-class-fields-redefine-readonly/-/plugin-bugfix-v8-static-class-fields-redefine-readonly-7.28.6.tgz 0ms (cache hit)
394 http cache @babel/plugin-bugfix-v8-spread-parameters-in-optional-chaining@https://registry.npmjs.org/@babel/plugin-bugfix-v8-spread-parameters-in-optional-chaining/-/plugin-bugfix-v8-spread-parameters-in-optional-chaining-7.27.1.tgz 0ms (cache hit)
395 http cache @babel/plugin-bugfix-safari-id-destructuring-collision-in-function-expression@https://registry.npmjs.org/@babel/plugin-bugfix-safari-id-destructuring-collision-in-function-expression/-/plugin-bugfix-safari-id-destructuring-collision-in-function-expression-7.27.1.tgz 0ms (cache hit)
396 http cache @babel/plugin-bugfix-safari-class-field-initializer-scope@https://registry.npmjs.org/@babel/plugin-bugfix-safari-class-field-initializer-scope/-/plugin-bugfix-safari-class-field-initializer-scope-7.27.1.tgz 0ms (cache hit)
397 http cache @babel/parser@https://registry.npmjs.org/@babel/parser/-/parser-7.28.6.tgz 0ms (cache hit)
398 http cache @babel/plugin-bugfix-firefox-class-in-computed-class-key@https://registry.npmjs.org/@babel/plugin-bugfix-firefox-class-in-computed-class-key/-/plugin-bugfix-firefox-class-in-computed-class-key-7.28.5.tgz 0ms (cache hit)
399 http cache @babel/helpers@https://registry.npmjs.org/@babel/helpers/-/helpers-7.28.6.tgz 0ms (cache hit)
400 http cache @babel/helper-wrap-function@https://registry.npmjs.org/@babel/helper-wrap-function/-/helper-wrap-function-7.28.6.tgz 0ms (cache hit)
401 http cache @babel/helper-validator-option@https://registry.npmjs.org/@babel/helper-validator-option/-/helper-validator-option-7.27.1.tgz 0ms (cache hit)
402 http cache @babel/helper-validator-identifier@https://registry.npmjs.org/@babel/helper-validator-identifier/-/helper-validator-identifier-7.28.5.tgz 0ms (cache hit)
403 http cache @babel/helper-skip-transparent-expression-wrappers@https://registry.npmjs.org/@babel/helper-skip-transparent-expression-wrappers/-/helper-skip-transparent-expression-wrappers-7.27.1.tgz 0ms (cache hit)
404 http cache @babel/helper-string-parser@https://registry.npmjs.org/@babel/helper-string-parser/-/helper-string-parser-7.27.1.tgz 0ms (cache hit)
405 http cache @babel/helper-replace-supers@https://registry.npmjs.org/@babel/helper-replace-supers/-/helper-replace-supers-7.28.6.tgz 0ms (cache hit)
406 http cache @babel/helper-remap-async-to-generator@https://registry.npmjs.org/@babel/helper-remap-async-to-generator/-/helper-remap-async-to-generator-7.27.1.tgz 0ms (cache hit)
407 http cache @babel/helper-plugin-utils@https://registry.npmjs.org/@babel/helper-plugin-utils/-/helper-plugin-utils-7.28.6.tgz 0ms (cache hit)
408 http cache @babel/helper-optimise-call-expression@https://registry.npmjs.org/@babel/helper-optimise-call-expression/-/helper-optimise-call-expression-7.27.1.tgz 0ms (cache hit)
409 http cache @babel/helper-module-transforms@https://registry.npmjs.org/@babel/helper-module-transforms/-/helper-module-transforms-7.28.6.tgz 0ms (cache hit)
410 http cache @babel/helper-module-imports@https://registry.npmjs.org/@babel/helper-module-imports/-/helper-module-imports-7.28.6.tgz 0ms (cache hit)
411 http cache @babel/helper-member-expression-to-functions@https://registry.npmjs.org/@babel/helper-member-expression-to-functions/-/helper-member-expression-to-functions-7.28.5.tgz 0ms (cache hit)
412 http cache @babel/helper-globals@https://registry.npmjs.org/@babel/helper-globals/-/helper-globals-7.28.0.tgz 0ms (cache hit)
413 http cache @babel/helper-define-polyfill-provider@https://registry.npmjs.org/@babel/helper-define-polyfill-provider/-/helper-define-polyfill-provider-0.6.5.tgz 0ms (cache hit)
414 http cache @babel/helper-create-regexp-features-plugin@https://registry.npmjs.org/@babel/helper-create-regexp-features-plugin/-/helper-create-regexp-features-plugin-7.28.5.tgz 0ms (cache hit)
415 http cache @babel/helper-create-class-features-plugin@https://registry.npmjs.org/@babel/helper-create-class-features-plugin/-/helper-create-class-features-plugin-7.28.6.tgz 0ms (cache hit)
416 http cache @babel/helper-compilation-targets@https://registry.npmjs.org/@babel/helper-compilation-targets/-/helper-compilation-targets-7.28.6.tgz 0ms (cache hit)
417 http cache @babel/helper-annotate-as-pure@https://registry.npmjs.org/@babel/helper-annotate-as-pure/-/helper-annotate-as-pure-7.27.3.tgz 0ms (cache hit)
418 http cache @babel/generator@https://registry.npmjs.org/@babel/generator/-/generator-7.28.6.tgz 0ms (cache hit)
419 http cache @babel/code-frame@https://registry.npmjs.org/@babel/code-frame/-/code-frame-7.28.6.tgz 0ms (cache hit)
420 http cache @babel/core@https://registry.npmjs.org/@babel/core/-/core-7.28.6.tgz 0ms (cache hit)
421 http cache @babel/compat-data@https://registry.npmjs.org/@babel/compat-data/-/compat-data-7.28.6.tgz 0ms (cache hit)
422 silly tarball no local data for prettier@https://registry.npmjs.org/prettier/-/prettier-3.8.1.tgz. Extracting by manifest.
423 silly tarball no local data for he@https://registry.npmjs.org/he/-/he-1.2.0.tgz. Extracting by manifest.
424 silly tarball no local data for @zackad/prettier-plugin-twig@https://registry.npmjs.org/@zackad/prettier-plugin-twig/-/prettier-plugin-twig-0.16.2.tgz. Extracting by manifest.
425 http fetch POST 200 https://registry.npmjs.org/-/npm/v1/security/advisories/bulk 992ms
426 silly audit report {}
427 http fetch GET 200 https://registry.npmjs.org/he/-/he-1.2.0.tgz 814ms (cache miss)
428 http fetch GET 200 https://registry.npmjs.org/@zackad/prettier-plugin-twig/-/prettier-plugin-twig-0.16.2.tgz 1170ms (cache miss)
429 http fetch GET 200 https://registry.npmjs.org/prettier/-/prettier-3.8.1.tgz 1207ms (cache miss)
430 info run @parcel/watcher@2.5.4 install node_modules/@parcel/watcher node scripts/build-from-source.js
431 info run @parcel/watcher@2.5.4 install { code: 0, signal: null }
432 info run core-js@3.47.0 postinstall node_modules/core-js node -e "try{require('./postinstall')}catch(e){}"
433 info run core-js@3.47.0 postinstall { code: 0, signal: null }
434 silly ADD node_modules/yocto-queue
435 silly ADD node_modules/yargs-parser
436 silly ADD node_modules/yallist
437 silly ADD node_modules/wildcard
438 silly ADD node_modules/which
439 silly ADD node_modules/webpack-sources
440 silly ADD node_modules/webpack-merge
441 silly ADD node_modules/webpack-manifest-plugin
442 silly ADD node_modules/webpack-manifest-plugin/node_modules/webpack-sources
443 silly ADD node_modules/webpack-cli
444 silly ADD node_modules/webpack-cli/node_modules/commander
445 silly ADD node_modules/webpack
446 silly ADD node_modules/watchpack
447 silly ADD node_modules/utila
448 silly ADD node_modules/util-deprecate
449 silly ADD node_modules/update-browserslist-db
450 silly ADD node_modules/unicode-property-aliases-ecmascript
451 silly ADD node_modules/unicode-match-property-value-ecmascript
452 silly ADD node_modules/unicode-match-property-ecmascript
453 silly ADD node_modules/unicode-canonical-property-names-ecmascript
454 silly ADD node_modules/undici-types
455 silly ADD node_modules/tmp
456 silly ADD node_modules/terser-webpack-plugin
457 silly ADD node_modules/terser-webpack-plugin/node_modules/supports-color
458 silly ADD node_modules/terser-webpack-plugin/node_modules/jest-worker
459 silly ADD node_modules/terser-webpack-plugin/node_modules/has-flag
460 silly ADD node_modules/terser
461 silly ADD node_modules/terser/node_modules/commander
462 silly ADD node_modules/tapable
463 silly ADD node_modules/svgo
464 silly ADD node_modules/svgo/node_modules/entities
465 silly ADD node_modules/svgo/node_modules/domutils
466 silly ADD node_modules/svgo/node_modules/domhandler
467 silly ADD node_modules/svgo/node_modules/dom-serializer
468 silly ADD node_modules/svgo/node_modules/css-select
469 silly ADD node_modules/supports-preserve-symlinks-flag
470 silly ADD node_modules/supports-color
471 silly ADD node_modules/stylehacks
472 silly ADD node_modules/style-loader
473 silly ADD node_modules/strip-ansi
474 silly ADD node_modules/string-width
475 silly ADD node_modules/stackframe
476 silly ADD node_modules/source-map-support
477 silly ADD node_modules/source-map-js
478 silly ADD node_modules/source-map
479 silly ADD node_modules/source-list-map
480 silly ADD node_modules/shebang-regex
481 silly ADD node_modules/shebang-command
482 silly ADD node_modules/shallow-clone
483 silly ADD node_modules/serialize-javascript
484 silly ADD node_modules/semver
485 silly ADD node_modules/schema-utils
486 silly ADD node_modules/sax
487 silly ADD node_modules/sass-loader
488 silly ADD node_modules/sass
489 silly ADD node_modules/safe-buffer
490 silly ADD node_modules/resolve-url-loader
491 silly ADD node_modules/resolve-url-loader/node_modules/convert-source-map
492 silly ADD node_modules/resolve-from
493 silly ADD node_modules/resolve-cwd
494 silly ADD node_modules/resolve
495 silly ADD node_modules/require-from-string
496 silly ADD node_modules/renderkid
497 silly ADD node_modules/regjsparser
498 silly ADD node_modules/regjsgen
499 silly ADD node_modules/regexpu-core
500 silly ADD node_modules/regex-parser
501 silly ADD node_modules/regenerator-runtime
502 silly ADD node_modules/regenerate-unicode-properties
503 silly ADD node_modules/regenerate
504 silly ADD node_modules/rechoir
505 silly ADD node_modules/readdirp
506 silly ADD node_modules/randombytes
507 silly ADD node_modules/pretty-error
508 silly ADD node_modules/prettier
509 silly ADD node_modules/postcss-value-parser
510 silly ADD node_modules/postcss-unique-selectors
511 silly ADD node_modules/postcss-svgo
512 silly ADD node_modules/postcss-selector-parser
513 silly ADD node_modules/postcss-reduce-transforms
514 silly ADD node_modules/postcss-reduce-initial
515 silly ADD node_modules/postcss-ordered-values
516 silly ADD node_modules/postcss-normalize-whitespace
517 silly ADD node_modules/postcss-normalize-url
518 silly ADD node_modules/postcss-normalize-unicode
519 silly ADD node_modules/postcss-normalize-timing-functions
520 silly ADD node_modules/postcss-normalize-string
521 silly ADD node_modules/postcss-normalize-repeat-style
522 silly ADD node_modules/postcss-normalize-positions
523 silly ADD node_modules/postcss-normalize-display-values
524 silly ADD node_modules/postcss-normalize-charset
525 silly ADD node_modules/postcss-modules-values
526 silly ADD node_modules/postcss-modules-scope
527 silly ADD node_modules/postcss-modules-local-by-default
528 silly ADD node_modules/postcss-modules-extract-imports
529 silly ADD node_modules/postcss-minify-selectors
530 silly ADD node_modules/postcss-minify-params
531 silly ADD node_modules/postcss-minify-gradients
532 silly ADD node_modules/postcss-minify-font-values
533 silly ADD node_modules/postcss-merge-rules
534 silly ADD node_modules/postcss-merge-longhand
535 silly ADD node_modules/postcss-discard-overridden
536 silly ADD node_modules/postcss-discard-empty
537 silly ADD node_modules/postcss-discard-duplicates
538 silly ADD node_modules/postcss-discard-comments
539 silly ADD node_modules/postcss-convert-values
540 silly ADD node_modules/postcss-colormin
541 silly ADD node_modules/postcss-calc
542 silly ADD node_modules/postcss
543 silly ADD node_modules/pkg-dir
544 silly ADD node_modules/pkg-dir/node_modules/p-locate
545 silly ADD node_modules/pkg-dir/node_modules/p-limit
546 silly ADD node_modules/pkg-dir/node_modules/locate-path
547 silly ADD node_modules/pkg-dir/node_modules/find-up
548 silly ADD node_modules/picomatch
549 silly ADD node_modules/picocolors
550 silly ADD node_modules/path-parse
551 silly ADD node_modules/path-key
552 silly ADD node_modules/path-exists
553 silly ADD node_modules/p-try
554 silly ADD node_modules/p-locate
555 silly ADD node_modules/p-limit
556 silly ADD node_modules/nth-check
557 silly ADD node_modules/node-releases
558 silly ADD node_modules/node-addon-api
559 silly ADD node_modules/neo-async
560 silly ADD node_modules/nanoid
561 silly ADD node_modules/ms
562 silly ADD node_modules/mini-css-extract-plugin
563 silly ADD node_modules/mime-types
564 silly ADD node_modules/mime-db
565 silly ADD node_modules/merge-stream
566 silly ADD node_modules/mdn-data
567 silly ADD node_modules/lru-cache
568 silly ADD node_modules/lodash.uniq
569 silly ADD node_modules/lodash.memoize
570 silly ADD node_modules/lodash.debounce
571 silly ADD node_modules/lodash
572 silly ADD node_modules/locate-path
573 silly ADD node_modules/loader-utils
574 silly ADD node_modules/loader-runner
575 silly ADD node_modules/lilconfig
576 silly ADD node_modules/kind-of
577 silly ADD node_modules/json5
578 silly ADD node_modules/json-schema-traverse
579 silly ADD node_modules/json-parse-even-better-errors
580 silly ADD node_modules/jsesc
581 silly ADD node_modules/js-tokens
582 silly ADD node_modules/jest-worker
583 silly ADD node_modules/jest-worker/node_modules/supports-color
584 silly ADD node_modules/jest-worker/node_modules/has-flag
585 silly ADD node_modules/jest-util
586 silly ADD node_modules/jest-util/node_modules/supports-color
587 silly ADD node_modules/jest-util/node_modules/has-flag
588 silly ADD node_modules/jest-util/node_modules/color-name
589 silly ADD node_modules/jest-util/node_modules/color-convert
590 silly ADD node_modules/jest-util/node_modules/chalk
591 silly ADD node_modules/jest-util/node_modules/ansi-styles
592 silly ADD node_modules/jest-regex-util
593 silly ADD node_modules/isobject
594 silly ADD node_modules/isexe
595 silly ADD node_modules/is-plain-object
596 silly ADD node_modules/is-glob
597 silly ADD node_modules/is-fullwidth-code-point
598 silly ADD node_modules/is-extglob
599 silly ADD node_modules/is-core-module
600 silly ADD node_modules/interpret
601 silly ADD node_modules/import-local
602 silly ADD node_modules/immutable
603 silly ADD node_modules/icss-utils
604 silly ADD node_modules/htmlparser2
605 silly ADD node_modules/he
606 silly ADD node_modules/hasown
607 silly ADD node_modules/has-flag
608 silly ADD node_modules/graceful-fs
609 silly ADD node_modules/glob-to-regexp
610 silly ADD node_modules/gensync
611 silly ADD node_modules/function-bind
612 silly ADD node_modules/flat
613 silly ADD node_modules/find-up
614 silly ADD node_modules/fastest-levenshtein
615 silly ADD node_modules/fast-uri
616 silly ADD node_modules/fast-deep-equal
617 silly ADD node_modules/events
618 silly ADD node_modules/esutils
619 silly ADD node_modules/estraverse
620 silly ADD node_modules/esrecurse
621 silly ADD node_modules/esrecurse/node_modules/estraverse
622 silly ADD node_modules/eslint-scope
623 silly ADD node_modules/escape-string-regexp
624 silly ADD node_modules/escalade
625 silly ADD node_modules/es-module-lexer
626 silly ADD node_modules/error-stack-parser
627 silly ADD node_modules/envinfo
628 silly ADD node_modules/entities
629 silly ADD node_modules/enhanced-resolve
630 silly ADD node_modules/emojis-list
631 silly ADD node_modules/emoji-regex
632 silly ADD node_modules/electron-to-chromium
633 silly ADD node_modules/domutils
634 silly ADD node_modules/domhandler
635 silly ADD node_modules/domelementtype
636 silly ADD node_modules/dom-serializer
637 silly ADD node_modules/dom-converter
638 silly ADD node_modules/detect-libc
639 silly ADD node_modules/debug
640 silly ADD node_modules/csso
641 silly ADD node_modules/csso/node_modules/mdn-data
642 silly ADD node_modules/csso/node_modules/css-tree
643 silly ADD node_modules/cssnano-utils
644 silly ADD node_modules/cssnano-preset-default
645 silly ADD node_modules/cssnano
646 silly ADD node_modules/cssesc
647 silly ADD node_modules/css-what
648 silly ADD node_modules/css-tree
649 silly ADD node_modules/css-select
650 silly ADD node_modules/css-minimizer-webpack-plugin
651 silly ADD node_modules/css-loader
652 silly ADD node_modules/css-loader/node_modules/semver
653 silly ADD node_modules/css-declaration-sorter
654 silly ADD node_modules/cross-spawn
655 silly ADD node_modules/core-js-compat
656 silly ADD node_modules/core-js
657 silly ADD node_modules/convert-source-map
658 silly ADD node_modules/consola
659 silly ADD node_modules/commander
660 silly ADD node_modules/colorette
661 silly ADD node_modules/colord
662 silly ADD node_modules/color-name
663 silly ADD node_modules/color-convert
664 silly ADD node_modules/clone-deep
665 silly ADD node_modules/ci-info
666 silly ADD node_modules/chrome-trace-event
667 silly ADD node_modules/chokidar
668 silly ADD node_modules/chalk
669 silly ADD node_modules/caniuse-lite
670 silly ADD node_modules/caniuse-api
671 silly ADD node_modules/buffer-from
672 silly ADD node_modules/browserslist
673 silly ADD node_modules/bootstrap
674 silly ADD node_modules/boolbase
675 silly ADD node_modules/big.js
676 silly ADD node_modules/baseline-browser-mapping
677 silly ADD node_modules/babel-plugin-polyfill-regenerator
678 silly ADD node_modules/babel-plugin-polyfill-corejs3
679 silly ADD node_modules/babel-plugin-polyfill-corejs2
680 silly ADD node_modules/babel-loader
681 silly ADD node_modules/ansi-styles
682 silly ADD node_modules/ansi-regex
683 silly ADD node_modules/ajv-keywords
684 silly ADD node_modules/ajv-formats
685 silly ADD node_modules/ajv
686 silly ADD node_modules/adjust-sourcemap-loader
687 silly ADD node_modules/acorn-import-phases
688 silly ADD node_modules/acorn
689 silly ADD node_modules/@zackad/prettier-plugin-twig
690 silly ADD node_modules/@xtuc/long
691 silly ADD node_modules/@xtuc/ieee754
692 silly ADD node_modules/@webpack-cli/serve
693 silly ADD node_modules/@webpack-cli/info
694 silly ADD node_modules/@webpack-cli/configtest
695 silly ADD node_modules/@webassemblyjs/wast-printer
696 silly ADD node_modules/@webassemblyjs/wasm-parser
697 silly ADD node_modules/@webassemblyjs/wasm-opt
698 silly ADD node_modules/@webassemblyjs/wasm-gen
699 silly ADD node_modules/@webassemblyjs/wasm-edit
700 silly ADD node_modules/@webassemblyjs/utf8
701 silly ADD node_modules/@webassemblyjs/leb128
702 silly ADD node_modules/@webassemblyjs/ieee754
703 silly ADD node_modules/@webassemblyjs/helper-wasm-section
704 silly ADD node_modules/@webassemblyjs/helper-wasm-bytecode
705 silly ADD node_modules/@webassemblyjs/helper-numbers
706 silly ADD node_modules/@webassemblyjs/helper-buffer
707 silly ADD node_modules/@webassemblyjs/helper-api-error
708 silly ADD node_modules/@webassemblyjs/floating-point-hex-parser
709 silly ADD node_modules/@webassemblyjs/ast
710 silly ADD node_modules/@ungap/structured-clone
711 silly ADD node_modules/@types/yargs-parser
712 silly ADD node_modules/@types/yargs
713 silly ADD node_modules/@types/webpack-env
714 silly ADD node_modules/@types/node
715 silly ADD node_modules/@types/json-schema
716 silly ADD node_modules/@types/istanbul-reports
717 silly ADD node_modules/@types/istanbul-lib-report
718 silly ADD node_modules/@types/istanbul-lib-coverage
719 silly ADD node_modules/@types/estree
720 silly ADD node_modules/@types/eslint-scope
721 silly ADD node_modules/@types/eslint
722 silly ADD node_modules/@symfony/webpack-encore
723 silly ADD node_modules/@symfony/webpack-encore/node_modules/semver
724 silly ADD node_modules/@symfony/stimulus-bridge
725 silly ADD node_modules/@sinclair/typebox
726 silly ADD node_modules/@popperjs/core
727 silly ADD node_modules/@parcel/watcher-linux-x64-musl
728 silly ADD node_modules/@parcel/watcher-linux-x64-glibc
729 silly ADD node_modules/@parcel/watcher
730 silly ADD node_modules/@nuxt/friendly-errors-webpack-plugin
731 silly ADD node_modules/@jridgewell/trace-mapping
732 silly ADD node_modules/@jridgewell/sourcemap-codec
733 silly ADD node_modules/@jridgewell/source-map
734 silly ADD node_modules/@jridgewell/resolve-uri
735 silly ADD node_modules/@jridgewell/remapping
736 silly ADD node_modules/@jridgewell/gen-mapping
737 silly ADD node_modules/@jest/types
738 silly ADD node_modules/@jest/types/node_modules/supports-color
739 silly ADD node_modules/@jest/types/node_modules/has-flag
740 silly ADD node_modules/@jest/types/node_modules/color-name
741 silly ADD node_modules/@jest/types/node_modules/color-convert
742 silly ADD node_modules/@jest/types/node_modules/chalk
743 silly ADD node_modules/@jest/types/node_modules/ansi-styles
744 silly ADD node_modules/@jest/schemas
745 silly ADD node_modules/@jest/pattern
746 silly ADD node_modules/@hotwired/turbo
747 silly ADD node_modules/@hotwired/stimulus-webpack-helpers
748 silly ADD node_modules/@hotwired/stimulus
749 silly ADD node_modules/@discoveryjs/json-ext
750 silly ADD node_modules/@babel/types
751 silly ADD node_modules/@babel/traverse
752 silly ADD node_modules/@babel/template
753 silly ADD node_modules/@babel/preset-modules
754 silly ADD node_modules/@babel/preset-env
755 silly ADD node_modules/@babel/plugin-transform-unicode-sets-regex
756 silly ADD node_modules/@babel/plugin-transform-unicode-regex
757 silly ADD node_modules/@babel/plugin-transform-unicode-property-regex
758 silly ADD node_modules/@babel/plugin-transform-unicode-escapes
759 silly ADD node_modules/@babel/plugin-transform-typeof-symbol
760 silly ADD node_modules/@babel/plugin-transform-template-literals
761 silly ADD node_modules/@babel/plugin-transform-sticky-regex
762 silly ADD node_modules/@babel/plugin-transform-spread
763 silly ADD node_modules/@babel/plugin-transform-shorthand-properties
764 silly ADD node_modules/@babel/plugin-transform-reserved-words
765 silly ADD node_modules/@babel/plugin-transform-regexp-modifiers
766 silly ADD node_modules/@babel/plugin-transform-regenerator
767 silly ADD node_modules/@babel/plugin-transform-property-literals
768 silly ADD node_modules/@babel/plugin-transform-private-property-in-object
769 silly ADD node_modules/@babel/plugin-transform-private-methods
770 silly ADD node_modules/@babel/plugin-transform-parameters
771 silly ADD node_modules/@babel/plugin-transform-optional-chaining
772 silly ADD node_modules/@babel/plugin-transform-optional-catch-binding
773 silly ADD node_modules/@babel/plugin-transform-object-super
774 silly ADD node_modules/@babel/plugin-transform-object-rest-spread
775 silly ADD node_modules/@babel/plugin-transform-numeric-separator
776 silly ADD node_modules/@babel/plugin-transform-nullish-coalescing-operator
777 silly ADD node_modules/@babel/plugin-transform-new-target
778 silly ADD node_modules/@babel/plugin-transform-named-capturing-groups-regex
779 silly ADD node_modules/@babel/plugin-transform-modules-umd
780 silly ADD node_modules/@babel/plugin-transform-modules-systemjs
781 silly ADD node_modules/@babel/plugin-transform-modules-commonjs
782 silly ADD node_modules/@babel/plugin-transform-modules-amd
783 silly ADD node_modules/@babel/plugin-transform-member-expression-literals
784 silly ADD node_modules/@babel/plugin-transform-logical-assignment-operators
785 silly ADD node_modules/@babel/plugin-transform-literals
786 silly ADD node_modules/@babel/plugin-transform-json-strings
787 silly ADD node_modules/@babel/plugin-transform-function-name
788 silly ADD node_modules/@babel/plugin-transform-for-of
789 silly ADD node_modules/@babel/plugin-transform-export-namespace-from
790 silly ADD node_modules/@babel/plugin-transform-exponentiation-operator
791 silly ADD node_modules/@babel/plugin-transform-explicit-resource-management
792 silly ADD node_modules/@babel/plugin-transform-dynamic-import
793 silly ADD node_modules/@babel/plugin-transform-duplicate-named-capturing-groups-regex
794 silly ADD node_modules/@babel/plugin-transform-duplicate-keys
795 silly ADD node_modules/@babel/plugin-transform-dotall-regex
796 silly ADD node_modules/@babel/plugin-transform-destructuring
797 silly ADD node_modules/@babel/plugin-transform-computed-properties
798 silly ADD node_modules/@babel/plugin-transform-classes
799 silly ADD node_modules/@babel/plugin-transform-class-static-block
800 silly ADD node_modules/@babel/plugin-transform-class-properties
801 silly ADD node_modules/@babel/plugin-transform-block-scoping
802 silly ADD node_modules/@babel/plugin-transform-block-scoped-functions
803 silly ADD node_modules/@babel/plugin-transform-async-to-generator
804 silly ADD node_modules/@babel/plugin-transform-async-generator-functions
805 silly ADD node_modules/@babel/plugin-transform-arrow-functions
806 silly ADD node_modules/@babel/plugin-syntax-unicode-sets-regex
807 silly ADD node_modules/@babel/plugin-syntax-import-attributes
808 silly ADD node_modules/@babel/plugin-syntax-import-assertions
809 silly ADD node_modules/@babel/plugin-proposal-private-property-in-object
810 silly ADD node_modules/@babel/plugin-bugfix-v8-static-class-fields-redefine-readonly
811 silly ADD node_modules/@babel/plugin-bugfix-v8-spread-parameters-in-optional-chaining
812 silly ADD node_modules/@babel/plugin-bugfix-safari-id-destructuring-collision-in-function-expression
813 silly ADD node_modules/@babel/plugin-bugfix-safari-class-field-initializer-scope
814 silly ADD node_modules/@babel/plugin-bugfix-firefox-class-in-computed-class-key
815 silly ADD node_modules/@babel/parser
816 silly ADD node_modules/@babel/helpers
817 silly ADD node_modules/@babel/helper-wrap-function
818 silly ADD node_modules/@babel/helper-validator-option
819 silly ADD node_modules/@babel/helper-validator-identifier
820 silly ADD node_modules/@babel/helper-string-parser
821 silly ADD node_modules/@babel/helper-skip-transparent-expression-wrappers
822 silly ADD node_modules/@babel/helper-replace-supers
823 silly ADD node_modules/@babel/helper-remap-async-to-generator
824 silly ADD node_modules/@babel/helper-plugin-utils
825 silly ADD node_modules/@babel/helper-optimise-call-expression
826 silly ADD node_modules/@babel/helper-module-transforms
827 silly ADD node_modules/@babel/helper-module-imports
828 silly ADD node_modules/@babel/helper-member-expression-to-functions
829 silly ADD node_modules/@babel/helper-globals
830 silly ADD node_modules/@babel/helper-define-polyfill-provider
831 silly ADD node_modules/@babel/helper-create-regexp-features-plugin
832 silly ADD node_modules/@babel/helper-create-class-features-plugin
833 silly ADD node_modules/@babel/helper-compilation-targets
834 silly ADD node_modules/@babel/helper-annotate-as-pure
835 silly ADD node_modules/@babel/generator
836 silly ADD node_modules/@babel/core
837 silly ADD node_modules/@babel/compat-data
838 silly ADD node_modules/@babel/code-frame
839 verbose cwd /var/www
840 verbose os Linux 6.14.0-37-generic
841 verbose node v24.13.0
842 verbose npm  v11.6.3
843 verbose exit 0
844 info ok
